Archive member included to satisfy reference by file (symbol)

libbb/lib.a(appletlib.o)      /usr/lib/gcc/aarch64-linux-gnu/13/../../../aarch64-linux-gnu/Scrt1.o (main)
libbb/lib.a(compare_string_array.o)
                              libbb/lib.a(appletlib.o) (is_prefixed_with)
libbb/lib.a(concat_path_file.o)
                              libbb/lib.a(appletlib.o) (concat_path_file)
libbb/lib.a(default_error_retval.o)
                              libbb/lib.a(appletlib.o) (xfunc_error_retval)
libbb/lib.a(get_last_path_component.o)
                              libbb/lib.a(appletlib.o) (bb_basename)
libbb/lib.a(last_char_is.o)   libbb/lib.a(concat_path_file.o) (last_char_is)
libbb/lib.a(llist.o)          libbb/lib.a(appletlib.o) (llist_free)
libbb/lib.a(messages.o)       libbb/lib.a(appletlib.o) (bb_busybox_exec_path)
libbb/lib.a(perror_msg.o)     libbb/lib.a(appletlib.o) (bb_perror_msg_and_die)
libbb/lib.a(ptr_to_globals.o)
                              libbb/lib.a(appletlib.o) (bb_errno)
libbb/lib.a(skip_whitespace.o)
                              libbb/lib.a(appletlib.o) (skip_whitespace)
libbb/lib.a(verror_msg.o)     libbb/lib.a(perror_msg.o) (bb_verror_msg)
libbb/lib.a(wfopen.o)         libbb/lib.a(appletlib.o) (fopen_for_read)
libbb/lib.a(xfunc_die.o)      libbb/lib.a(appletlib.o) (xfunc_die)
libbb/lib.a(xfuncs.o)         libbb/lib.a(appletlib.o) (full_write2_str)
libbb/lib.a(xfuncs_printf.o)  libbb/lib.a(appletlib.o) (malloc_or_warn)
libbb/lib.a(xreadlink.o)      libbb/lib.a(appletlib.o) (xmalloc_readlink)
libbb/lib.a(copyfd.o)         libbb/lib.a(xfuncs_printf.o) (bb_copyfd_eof)
libbb/lib.a(full_write.o)     libbb/lib.a(verror_msg.o) (full_write)
libbb/lib.a(read.o)           libbb/lib.a(copyfd.o) (safe_read)
libbb/lib.a(safe_write.o)     libbb/lib.a(full_write.o) (safe_write)
libbb/lib.a(signals.o)        libbb/lib.a(xfuncs_printf.o) (kill_myself_with_sig)
libbb/lib.a(time.o)           libbb/lib.a(xfuncs_printf.o) (monotonic_us)
libbb/lib.a(bb_strtonum.o)    libbb/lib.a(time.o) (bb_strtoll)
libpwdgrp/lib.a(pwd_grp.o)    libbb/lib.a(appletlib.o) (bb_internal_getpwnam)
libpwdgrp/lib.a(uidgid_get.o)
                              libbb/lib.a(appletlib.o) (get_uidgid)
loginutils/lib.a(add-remove-shell.o)
                              libbb/lib.a(appletlib.o) (add_remove_shell_main)
loginutils/lib.a(addgroup.o)  libbb/lib.a(appletlib.o) (addgroup_main)
loginutils/lib.a(adduser.o)   libbb/lib.a(appletlib.o) (adduser_main)
loginutils/lib.a(chpasswd.o)  libbb/lib.a(appletlib.o) (chpasswd_main)
loginutils/lib.a(cryptpw.o)   libbb/lib.a(appletlib.o) (cryptpw_main)
loginutils/lib.a(deluser.o)   libbb/lib.a(appletlib.o) (deluser_main)
loginutils/lib.a(getty.o)     libbb/lib.a(appletlib.o) (getty_main)
loginutils/lib.a(login.o)     libbb/lib.a(appletlib.o) (login_main)
loginutils/lib.a(passwd.o)    libbb/lib.a(appletlib.o) (passwd_main)
loginutils/lib.a(su.o)        libbb/lib.a(appletlib.o) (su_main)
loginutils/lib.a(sulogin.o)   libbb/lib.a(appletlib.o) (sulogin_main)
loginutils/lib.a(vlock.o)     libbb/lib.a(appletlib.o) (vlock_main)
mailutils/lib.a(makemime.o)   libbb/lib.a(appletlib.o) (makemime_main)
mailutils/lib.a(popmaildir.o)
                              libbb/lib.a(appletlib.o) (popmaildir_main)
mailutils/lib.a(reformime.o)  libbb/lib.a(appletlib.o) (reformime_main)
mailutils/lib.a(sendmail.o)   libbb/lib.a(appletlib.o) (sendmail_main)
mailutils/lib.a(mail.o)       mailutils/lib.a(popmaildir.o) (launch_helper)
miscutils/lib.a(adjtimex.o)   libbb/lib.a(appletlib.o) (adjtimex_main)
miscutils/lib.a(beep.o)       libbb/lib.a(appletlib.o) (beep_main)
miscutils/lib.a(chat.o)       libbb/lib.a(appletlib.o) (chat_main)
miscutils/lib.a(chrt.o)       libbb/lib.a(appletlib.o) (chrt_main)
miscutils/lib.a(conspy.o)     libbb/lib.a(appletlib.o) (conspy_main)
miscutils/lib.a(crond.o)      libbb/lib.a(appletlib.o) (crond_main)
miscutils/lib.a(crontab.o)    libbb/lib.a(appletlib.o) (crontab_main)
miscutils/lib.a(dc.o)         libbb/lib.a(appletlib.o) (dc_main)
miscutils/lib.a(devmem.o)     libbb/lib.a(appletlib.o) (devmem_main)
miscutils/lib.a(eject.o)      libbb/lib.a(appletlib.o) (eject_main)
miscutils/lib.a(fbsplash.o)   libbb/lib.a(appletlib.o) (fbsplash_main)
miscutils/lib.a(hdparm.o)     libbb/lib.a(appletlib.o) (hdparm_main)
miscutils/lib.a(i2c_tools.o)  libbb/lib.a(appletlib.o) (i2cget_main)
miscutils/lib.a(ionice.o)     libbb/lib.a(appletlib.o) (ionice_main)
miscutils/lib.a(last_fancy.o)
                              libbb/lib.a(appletlib.o) (last_main)
miscutils/lib.a(less.o)       libbb/lib.a(appletlib.o) (less_main)
miscutils/lib.a(makedevs.o)   libbb/lib.a(appletlib.o) (makedevs_main)
miscutils/lib.a(man.o)        libbb/lib.a(appletlib.o) (man_main)
miscutils/lib.a(microcom.o)   libbb/lib.a(appletlib.o) (microcom_main)
miscutils/lib.a(mountpoint.o)
                              libbb/lib.a(appletlib.o) (mountpoint_main)
miscutils/lib.a(mt.o)         libbb/lib.a(appletlib.o) (mt_main)
[...]
Memory Configuration

Name             Origin             Length             Attributes
*default*        0x0000000000000000 0xffffffffffffffff

Linker script and memory map

LOAD /usr/lib/gcc/aarch64-linux-gnu/13/../../../aarch64-linux-gnu/Scrt1.o
LOAD /usr/lib/gcc/aarch64-linux-gnu/13/../../../aarch64-linux-gnu/crti.o
LOAD /usr/lib/gcc/aarch64-linux-gnu/13/crtbeginS.o
START GROUP
LOAD applets/built-in.o
LOAD archival/lib.a
LOAD archival/libarchive/lib.a
LOAD console-tools/lib.a
LOAD coreutils/lib.a
LOAD coreutils/libcoreutils/lib.a
LOAD debianutils/lib.a
LOAD e2fsprogs/lib.a
LOAD editors/lib.a
LOAD findutils/lib.a
LOAD init/lib.a
LOAD libbb/lib.a
LOAD libpwdgrp/lib.a
LOAD loginutils/lib.a
LOAD mailutils/lib.a
LOAD miscutils/lib.a
LOAD modutils/lib.a
LOAD networking/lib.a
LOAD networking/libiproute/lib.a
LOAD networking/udhcp/lib.a
LOAD printutils/lib.a
LOAD procps/lib.a
LOAD runit/lib.a
LOAD selinux/lib.a
LOAD shell/lib.a
LOAD sysklogd/lib.a
LOAD util-linux/lib.a
LOAD util-linux/volume_id/lib.a
LOAD archival/built-in.o
LOAD archival/libarchive/built-in.o
LOAD console-tools/built-in.o
LOAD coreutils/built-in.o
LOAD coreutils/libcoreutils/built-in.o
LOAD debianutils/built-in.o
LOAD e2fsprogs/built-in.o
LOAD editors/built-in.o
LOAD findutils/built-in.o
LOAD init/built-in.o
LOAD libbb/built-in.o
LOAD libpwdgrp/built-in.o
LOAD loginutils/built-in.o
LOAD mailutils/built-in.o
LOAD miscutils/built-in.o
LOAD modutils/built-in.o
LOAD networking/built-in.o
LOAD networking/libiproute/built-in.o
LOAD networking/udhcp/built-in.o
LOAD printutils/built-in.o
LOAD procps/built-in.o
LOAD runit/built-in.o
LOAD selinux/built-in.o
LOAD shell/built-in.o
LOAD sysklogd/built-in.o
LOAD util-linux/built-in.o
LOAD util-linux/volume_id/built-in.o
END GROUP
START GROUP
LOAD /usr/lib/gcc/aarch64-linux-gnu/13/../../../aarch64-linux-gnu/libm.so
START GROUP
LOAD /lib/aarch64-linux-gnu/libm.so.6
LOAD /lib/aarch64-linux-gnu/libmvec.so.1
END GROUP
END GROUP
LOAD /usr/lib/gcc/aarch64-linux-gnu/13/libgcc.a
LOAD /usr/lib/gcc/aarch64-linux-gnu/13/libgcc_eh.a
LOAD /usr/lib/gcc/aarch64-linux-gnu/13/../../../aarch64-linux-gnu/libc.so
START GROUP
LOAD /lib/aarch64-linux-gnu/libc.so.6
LOAD /usr/lib/aarch64-linux-gnu/libc_nonshared.a
LOAD /lib/ld-linux-aarch64.so.1
END GROUP
LOAD /usr/lib/gcc/aarch64-linux-gnu/13/libgcc.a
LOAD /usr/lib/gcc/aarch64-linux-gnu/13/libgcc_eh.a
LOAD /usr/lib/gcc/aarch64-linux-gnu/13/crtendS.o
LOAD /usr/lib/gcc/aarch64-linux-gnu/13/../../../aarch64-linux-gnu/crtn.o
                [!provide]                        PROVIDE (__executable_start = SEGMENT_START ("text-segment", 0x0))
                0x0000000000000238                . = (SEGMENT_START ("text-segment", 0x0) + SIZEOF_HEADERS)

.interp         0x0000000000000238       0x1b
 *(SORT_BY_ALIGNMENT(.interp))
 .interp        0x0000000000000238       0x1b /usr/lib/gcc/aarch64-linux-gnu/13/../../../aarch64-linux-gnu/Scrt1.o

.note.gnu.build-id
                0x0000000000000254       0x24
 *(SORT_BY_ALIGNMENT(.note.gnu.build-id))
 .note.gnu.build-id
                0x0000000000000254       0x24 /usr/lib/gcc/aarch64-linux-gnu/13/../../../aarch64-linux-gnu/Scrt1.o

.note.ABI-tag   0x0000000000000278       0x20
 .note.ABI-tag  0x0000000000000278       0x20 /usr/lib/gcc/aarch64-linux-gnu/13/../../../aarch64-linux-gnu/Scrt1.o

.hash
 *(SORT_BY_ALIGNMENT(.hash))

.gnu.hash       0x0000000000000298       0x1c
 *(SORT_BY_ALIGNMENT(.gnu.hash))
 .gnu.hash      0x0000000000000298       0x1c /usr/lib/gcc/aarch64-linux-gnu/13/../../../aarch64-linux-gnu/Scrt1.o

.dynsym         0x00000000000002b8     0x24f0
 *(SORT_BY_ALIGNMENT(.dynsym))
 .dynsym        0x00000000000002b8     0x24f0 /usr/lib/gcc/aarch64-linux-gnu/13/../../../aarch64-linux-gnu/Scrt1.o

.dynstr         0x00000000000027a8      0xe09
 *(SORT_BY_ALIGNMENT(.dynstr))
 .dynstr        0x00000000000027a8      0xe09 /usr/lib/gcc/aarch64-linux-gnu/13/../../../aarch64-linux-gnu/Scrt1.o

.gnu.version    0x00000000000035b2      0x314
 *(SORT_BY_ALIGNMENT(.gnu.version))
 .gnu.version   0x00000000000035b2      0x314 /usr/lib/gcc/aarch64-linux-gnu/13/../../../aarch64-linux-gnu/Scrt1.o

.gnu.version_d  0x00000000000038c8        0x0
 *(SORT_BY_ALIGNMENT(.gnu.version_d))
 .gnu.version_d
                0x00000000000038c8        0x0 /usr/lib/gcc/aarch64-linux-gnu/13/../../../aarch64-linux-gnu/Scrt1.o

.gnu.version_r  0x00000000000038c8       0xc0
 *(SORT_BY_ALIGNMENT(.gnu.version_r))
 .gnu.version_r
                0x00000000000038c8       0xc0 /usr/lib/gcc/aarch64-linux-gnu/13/../../../aarch64-linux-gnu/Scrt1.o

.rela.dyn       0x0000000000003988     0x7398
 *(SORT_BY_ALIGNMENT(.rela.init))
 *(SORT_BY_ALIGNMENT(.rela.text) SORT_BY_ALIGNMENT(.rela.text.*) SORT_BY_ALIGNMENT(.rela.gnu.linkonce.t.*))
 *(SORT_BY_ALIGNMENT(.rela.fini))
 *(SORT_BY_ALIGNMENT(.rela.rodata) SORT_BY_ALIGNMENT(.rela.rodata.*) SORT_BY_ALIGNMENT(.rela.gnu.linkonce.r.*))
 *(SORT_BY_ALIGNMENT(.rela.data) SORT_BY_ALIGNMENT(.rela.data.*) SORT_BY_ALIGNMENT(.rela.gnu.linkonce.d.*))
 .rela.data.rel.ro
                0x0000000000003988        0x0 /usr/lib/gcc/aarch64-linux-gnu/13/../../../aarch64-linux-gnu/Scrt1.o
 .rela.data.rel.local
                0x0000000000003988       0x18 /usr/lib/gcc/aarch64-linux-gnu/13/../../../aarch64-linux-gnu/Scrt1.o
 .rela.data.rel.ro.local.install_dir
                0x00000000000039a0       0x78 /usr/lib/gcc/aarch64-linux-gnu/13/../../../aarch64-linux-gnu/Scrt1.o
 .rela.data.rel.ro.applet_main
                0x0000000000003a18     0x2268 /usr/lib/gcc/aarch64-linux-gnu/13/../../../aarch64-linux-gnu/Scrt1.o
 .rela.data.rel.local.msg_eol
                0x0000000000005c80       0x18 /usr/lib/gcc/aarch64-linux-gnu/13/../../../aarch64-linux-gnu/Scrt1.o
 .rela.data.rel.ro.local.const_sp_db
                0x0000000000005c98       0x18 /usr/lib/gcc/aarch64-linux-gnu/13/../../../aarch64-linux-gnu/Scrt1.o
 .rela.data.rel.ro.local.const_gr_db
                0x0000000000005cb0       0x18 /usr/lib/gcc/aarch64-linux-gnu/13/../../../aarch64-linux-gnu/Scrt1.o
 .rela.data.rel.ro.local.const_pw_db
                0x0000000000005cc8       0x18 /usr/lib/gcc/aarch64-linux-gnu/13/../../../aarch64-linux-gnu/Scrt1.o
 .rela.data.rel.ro.local.operators
                0x0000000000005ce0      0x1f8 /usr/lib/gcc/aarch64-linux-gnu/13/../../../aarch64-linux-gnu/Scrt1.o
 .rela.data.rel.ro.local.ultra_modes2.0
                0x0000000000005ed8       0x18 /usr/lib/gcc/aarch64-linux-gnu/13/../../../aarch64-linux-gnu/Scrt1.o
 .rela.data.rel.ro.local.ultra_modes1.1
                0x0000000000005ef0       0x18 /usr/lib/gcc/aarch64-linux-gnu/13/../../../aarch64-linux-gnu/Scrt1.o
 .rela.data.rel.ro.local.pio_modes.3
                0x0000000000005f08       0x18 /usr/lib/gcc/aarch64-linux-gnu/13/../../../aarch64-linux-gnu/Scrt1.o
 .rela.data.rel.ro.local.i2c_funcs_tab
                0x0000000000005f20      0x168 /usr/lib/gcc/aarch64-linux-gnu/13/../../../aarch64-linux-gnu/Scrt1.o
 .rela.data.rel.ro.local.adap_descs
                0x0000000000006088       0xc0 /usr/lib/gcc/aarch64-linux-gnu/13/../../../aarch64-linux-gnu/Scrt1.o
 .rela.data.rel.ro.local.shortcuts
                0x0000000000006148      0x138 /usr/lib/gcc/aarch64-linux-gnu/13/../../../aarch64-linux-gnu/Scrt1.o
 .rela.data.rel.ro.local.http_response
                0x0000000000006280      0x198 /usr/lib/gcc/aarch64-linux-gnu/13/../../../aarch64-linux-gnu/Scrt1.o
 .rela.data.rel.ro.local.OptArray
                0x0000000000006418      0x228 /usr/lib/gcc/aarch64-linux-gnu/13/../../../aarch64-linux-gnu/Scrt1.o
 .rela.data.rel.ro.local.Arg1Opt
                0x0000000000006640      0x180 /usr/lib/gcc/aarch64-linux-gnu/13/../../../aarch64-linux-gnu/Scrt1.o
 .rela.data.rel.ro.local.method_table
                0x00000000000067c0       0xf0 /usr/lib/gcc/aarch64-linux-gnu/13/../../../aarch64-linux-gnu/Scrt1.o
 .rela.data.rel.ro.local.addr_fams.0
                0x00000000000068b0       0x48 /usr/lib/gcc/aarch64-linux-gnu/13/../../../aarch64-linux-gnu/Scrt1.o
 .rela.data.rel.ro.local.addr_link
                0x00000000000068f8       0x30 /usr/lib/gcc/aarch64-linux-gnu/13/../../../aarch64-linux-gnu/Scrt1.o
 .rela.data.rel.ro.local.link_methods
                0x0000000000006928       0x48 /usr/lib/gcc/aarch64-linux-gnu/13/../../../aarch64-linux-gnu/Scrt1.o
 .rela.data.rel.ro.local.addr_inet
                0x0000000000006970       0x30 /usr/lib/gcc/aarch64-linux-gnu/13/../../../aarch64-linux-gnu/Scrt1.o
 .rela.data.rel.ro.local.methods
                0x00000000000069a0      0x1f8 /usr/lib/gcc/aarch64-linux-gnu/13/../../../aarch64-linux-gnu/Scrt1.o
 .rela.data.rel.ro.local.addr_inet6
                0x0000000000006b98       0x30 /usr/lib/gcc/aarch64-linux-gnu/13/../../../aarch64-linux-gnu/Scrt1.o
 .rela.data.rel.ro.local.methods6
                0x0000000000006bc8      0x120 /usr/lib/gcc/aarch64-linux-gnu/13/../../../aarch64-linux-gnu/Scrt1.o
 .rela.data.rel.ro.local.builtins
                0x0000000000006ce8       0xf0 /usr/lib/gcc/aarch64-linux-gnu/13/../../../aarch64-linux-gnu/Scrt1.o
 .rela.data.rel.ro.local.if_port_text
                0x0000000000006dd8       0xa8 /usr/lib/gcc/aarch64-linux-gnu/13/../../../aarch64-linux-gnu/Scrt1.o
 .rela.data.rel.ro.local.hwtypes
                0x0000000000006e80       0x90 /usr/lib/gcc/aarch64-linux-gnu/13/../../../aarch64-linux-gnu/Scrt1.o
 .rela.data.rel.ro.local.ib_hwtype
                0x0000000000006f10       0x60 /usr/lib/gcc/aarch64-linux-gnu/13/../../../aarch64-linux-gnu/Scrt1.o
 .rela.data.rel.ro.local.sit_hwtype
                0x0000000000006f70       0x48 /usr/lib/gcc/aarch64-linux-gnu/13/../../../aarch64-linux-gnu/Scrt1.o
 .rela.data.rel.ro.local.ppp_hwtype
                0x0000000000006fb8       0x30 /usr/lib/gcc/aarch64-linux-gnu/13/../../../aarch64-linux-gnu/Scrt1.o
 .rela.data.rel.ro.local.ether_hwtype
                0x0000000000006fe8       0x60 /usr/lib/gcc/aarch64-linux-gnu/13/../../../aarch64-linux-gnu/Scrt1.o
 .rela.data.rel.ro.local.loop_hwtype
                0x0000000000007048       0x30 /usr/lib/gcc/aarch64-linux-gnu/13/../../../aarch64-linux-gnu/Scrt1.o
 .rela.data.rel.ro.local.unspec_hwtype
                0x0000000000007078       0x48 /usr/lib/gcc/aarch64-linux-gnu/13/../../../aarch64-linux-gnu/Scrt1.o
 .rela.data.rel.ro.local.ss_fmt
                0x00000000000070c0       0x48 /usr/lib/gcc/aarch64-linux-gnu/13/../../../aarch64-linux-gnu/Scrt1.o
 .rela.data.rel.ro.local.aftypes
                0x0000000000007108       0x48 /usr/lib/gcc/aarch64-linux-gnu/13/../../../aarch64-linux-gnu/Scrt1.o
 .rela.data.rel.ro.local.unspec_aftype
                0x0000000000007150       0x60 /usr/lib/gcc/aarch64-linux-gnu/13/../../../aarch64-linux-gnu/Scrt1.o
 .rela.data.rel.ro.local.inet6_aftype
                0x00000000000071b0       0x60 /usr/lib/gcc/aarch64-linux-gnu/13/../../../aarch64-linux-gnu/Scrt1.o
 .rela.data.rel.ro.local.inet_aftype
                0x0000000000007210       0x60 /usr/lib/gcc/aarch64-linux-gnu/13/../../../aarch64-linux-gnu/Scrt1.o
 .rela.data.rel.ro.local.ip_func_ptrs.0
                0x0000000000007270       0xd8 /usr/lib/gcc/aarch64-linux-gnu/13/../../../aarch64-linux-gnu/Scrt1.o
 .rela.data.rel.ro.local.tcp_state
                0x0000000000007348      0x120 /usr/lib/gcc/aarch64-linux-gnu/13/../../../aarch64-linux-gnu/Scrt1.o
 .rela.data.rel.ro.local.ttab.0
                0x0000000000007468      0x1c8 /usr/lib/gcc/aarch64-linux-gnu/13/../../../aarch64-linux-gnu/Scrt1.o
 .rela.data.rel.ro.local.ttab6.1
                0x0000000000007630      0x168 /usr/lib/gcc/aarch64-linux-gnu/13/../../../aarch64-linux-gnu/Scrt1.o
 .rela.data.rel.ro.local.init_tab.0
                0x0000000000007798       0xf0 /usr/lib/gcc/aarch64-linux-gnu/13/../../../aarch64-linux-gnu/Scrt1.o
 .rela.data.rel.ro.local.keywords
                0x0000000000007888      0x4c8 /usr/lib/gcc/aarch64-linux-gnu/13/../../../aarch64-linux-gnu/Scrt1.o
 .rela.data.rel.ro.local.init_functions
                0x0000000000007d50      0x108 /usr/lib/gcc/aarch64-linux-gnu/13/../../../aarch64-linux-gnu/Scrt1.o
 .rela.data.rel.ro.local.proc_name
                0x0000000000007e58       0x90 /usr/lib/gcc/aarch64-linux-gnu/13/../../../aarch64-linux-gnu/Scrt1.o
 .rela.data.rel.ro.local.out_spec
                0x0000000000007ee8      0x300 /usr/lib/gcc/aarch64-linux-gnu/13/../../../aarch64-linux-gnu/Scrt1.o
 .rela.data.rel.ro.local.null_bltin.8
                0x00000000000081e8       0x30 /usr/lib/gcc/aarch64-linux-gnu/13/../../../aarch64-linux-gnu/Scrt1.o
 .rela.data.rel.ro.local.builtintab
                0x0000000000008218      0x840 /usr/lib/gcc/aarch64-linux-gnu/13/../../../aarch64-linux-gnu/Scrt1.o
 .rela.data.rel.ro.local.tokname_array
                0x0000000000008a58      0x2d0 /usr/lib/gcc/aarch64-linux-gnu/13/../../../aarch64-linux-gnu/Scrt1.o
 .rela.data.rel.ro.local.varinit_data
                0x0000000000008d28      0x108 /usr/lib/gcc/aarch64-linux-gnu/13/../../../aarch64-linux-gnu/Scrt1.o
 .rela.data.rel.local.g_parsefile
                0x0000000000008e30       0x18 /usr/lib/gcc/aarch64-linux-gnu/13/../../../aarch64-linux-gnu/Scrt1.o
 .rela.data.rel.ro.local.optletters_optnames
                0x0000000000008e48      0x168 /usr/lib/gcc/aarch64-linux-gnu/13/../../../aarch64-linux-gnu/Scrt1.o
 .rela.data.rel.ro.local.encoded_dollar_at_argv.2
                0x0000000000008fb0       0x18 /usr/lib/gcc/aarch64-linux-gnu/13/../../../aarch64-linux-gnu/Scrt1.o
 .rela.data.rel.ro.local.bltins2
                0x0000000000008fc8       0xf0 /usr/lib/gcc/aarch64-linux-gnu/13/../../../aarch64-linux-gnu/Scrt1.o
 .rela.data.rel.ro.local.bltins1
                0x00000000000090b8      0x780 /usr/lib/gcc/aarch64-linux-gnu/13/../../../aarch64-linux-gnu/Scrt1.o
 .rela.data.rel.ro.local.limits_tbl
                0x0000000000009838      0x138 /usr/lib/gcc/aarch64-linux-gnu/13/../../../aarch64-linux-gnu/Scrt1.o
 .rela.data.rel.ro.local.init_data
                0x0000000000009970       0x18 /usr/lib/gcc/aarch64-linux-gnu/13/../../../aarch64-linux-gnu/Scrt1.o
 .rela.data.rel.local.facilitynames
                0x0000000000009988      0x210 /usr/lib/gcc/aarch64-linux-gnu/13/../../../aarch64-linux-gnu/Scrt1.o
 .rela.data.rel.local.prioritynames
                0x0000000000009b98      0x120 /usr/lib/gcc/aarch64-linux-gnu/13/../../../aarch64-linux-gnu/Scrt1.o
 .rela.data.rel.ro.local.f_act_tab
                0x0000000000009cb8       0x60 /usr/lib/gcc/aarch64-linux-gnu/13/../../../aarch64-linux-gnu/Scrt1.o
 .rela.data.rel.ro.local.f_evt_tab
                0x0000000000009d18       0xd8 /usr/lib/gcc/aarch64-linux-gnu/13/../../../aarch64-linux-gnu/Scrt1.o
 .rela.data.rel.ro.local.i386_sys_types
                0x0000000000009df0      0x480 /usr/lib/gcc/aarch64-linux-gnu/13/../../../aarch64-linux-gnu/Scrt1.o
 .rela.data.rel.ro.local.add_strings
                0x000000000000a270       0x78 /usr/lib/gcc/aarch64-linux-gnu/13/../../../aarch64-linux-gnu/Scrt1.o
 .rela.data.rel.ro.local.fs2
                0x000000000000a2e8      0x168 /usr/lib/gcc/aarch64-linux-gnu/13/../../../aarch64-linux-gnu/Scrt1.o
 .rela.data.rel.ro.local.fs1
                0x000000000000a450       0x60 /usr/lib/gcc/aarch64-linux-gnu/13/../../../aarch64-linux-gnu/Scrt1.o
 .rela.data.rel.ro.local.tar_var
                0x000000000000a4b0       0xc0 /usr/lib/gcc/aarch64-linux-gnu/13/../../../aarch64-linux-gnu/Scrt1.o
 .rela.data.rel.ro.local.args.0
                0x000000000000a570       0x30 /usr/lib/gcc/aarch64-linux-gnu/13/../../../aarch64-linux-gnu/Scrt1.o
 .rela.data.rel.ro.local.doux_bytes_to_XXX.5
                0x000000000000a5a0       0x60 /usr/lib/gcc/aarch64-linux-gnu/13/../../../aarch64-linux-gnu/Scrt1.o
 .rela.data.rel.ro.local.humantypes.0
                0x000000000000a600      0x360 /usr/lib/gcc/aarch64-linux-gnu/13/../../../aarch64-linux-gnu/Scrt1.o
 .rela.data.rel.ro.local.console_names.0
                0x000000000000a960       0x48 /usr/lib/gcc/aarch64-linux-gnu/13/../../../aarch64-linux-gnu/Scrt1.o
 .rela.data.rel.ro.local.bb_argv_dash
                0x000000000000a9a8       0x18 /usr/lib/gcc/aarch64-linux-gnu/13/../../../aarch64-linux-gnu/Scrt1.o
 *(SORT_BY_ALIGNMENT(.rela.tdata) SORT_BY_ALIGNMENT(.rela.tdata.*) SORT_BY_ALIGNMENT(.rela.gnu.linkonce.td.*))
 *(SORT_BY_ALIGNMENT(.rela.tbss) SORT_BY_ALIGNMENT(.rela.tbss.*) SORT_BY_ALIGNMENT(.rela.gnu.linkonce.tb.*))
 *(SORT_BY_ALIGNMENT(.rela.ctors))
 *(SORT_BY_ALIGNMENT(.rela.dtors))
 *(SORT_BY_ALIGNMENT(.rela.got))
 .rela.got      0x000000000000a9c0      0x330 /usr/lib/gcc/aarch64-linux-gnu/13/../../../aarch64-linux-gnu/Scrt1.o
 *(SORT_BY_ALIGNMENT(.rela.bss) SORT_BY_ALIGNMENT(.rela.bss.*) SORT_BY_ALIGNMENT(.rela.gnu.linkonce.b.*))
 .rela.bss      0x000000000000acf0        0x0 /usr/lib/gcc/aarch64-linux-gnu/13/../../../aarch64-linux-gnu/Scrt1.o
 *(SORT_BY_ALIGNMENT(.rela.ifunc))
 .rela.ifunc    0x000000000000acf0        0x0 /usr/lib/gcc/aarch64-linux-gnu/13/../../../aarch64-linux-gnu/Scrt1.o
 .rela.fini_array
                0x000000000000acf0       0x18 /usr/lib/gcc/aarch64-linux-gnu/13/../../../aarch64-linux-gnu/Scrt1.o
 .rela.init_array
                0x000000000000ad08       0x18 /usr/lib/gcc/aarch64-linux-gnu/13/../../../aarch64-linux-gnu/Scrt1.o

.rela.plt       0x000000000000ad20     0x2358
 *(SORT_BY_ALIGNMENT(.rela.plt))
 .rela.plt      0x000000000000ad20     0x2358 /usr/lib/gcc/aarch64-linux-gnu/13/../../../aarch64-linux-gnu/Scrt1.o
 *(SORT_BY_ALIGNMENT(.rela.iplt))

.init           0x000000000000d078       0x18
 *(SORT_NONE(.init))
 .init          0x000000000000d078       0x10 /usr/lib/gcc/aarch64-linux-gnu/13/../../../aarch64-linux-gnu/crti.o
                0x000000000000d078                _init
 .init          0x000000000000d088        0x8 /usr/lib/gcc/aarch64-linux-gnu/13/../../../aarch64-linux-gnu/crtn.o

.plt            0x000000000000d090     0x17b0
 *(SORT_BY_ALIGNMENT(.plt))
 .plt           0x000000000000d090     0x17b0 /usr/lib/gcc/aarch64-linux-gnu/13/../../../aarch64-linux-gnu/Scrt1.o
 *(SORT_BY_ALIGNMENT(.iplt))

.text           0x000000000000e840    0xbd908
 *(SORT_BY_ALIGNMENT(.text.unlikely) SORT_BY_ALIGNMENT(.text.*_unlikely) SORT_BY_ALIGNMENT(.text.unlikely.*))
 *(SORT_BY_ALIGNMENT(.text.exit) SORT_BY_ALIGNMENT(.text.exit.*))
 *(SORT_BY_ALIGNMENT(.text.startup) SORT_BY_ALIGNMENT(.text.startup.*))
 *(SORT_BY_ALIGNMENT(.text.hot) SORT_BY_ALIGNMENT(.text.hot.*))
 *(SORT_BY_NAME(SORT_BY_ALIGNMENT(.text.sorted.*)))
 *(SORT_BY_ALIGNMENT(.text) SORT_BY_ALIGNMENT(.stub) SORT_BY_ALIGNMENT(.text.*) SORT_BY_ALIGNMENT(.gnu.linkonce.t.*))
 .text          0x000000000000e840       0x34 /usr/lib/gcc/aarch64-linux-gnu/13/../../../aarch64-linux-gnu/Scrt1.o
                0x000000000000e840                _start
 *fill*         0x000000000000e874        0xc 1f2003d5
 .text          0x000000000000e880       0xc8 /usr/lib/gcc/aarch64-linux-gnu/13/crtbeginS.o
 *fill*         0x000000000000e948        0x8 1f2003d5
 .text          0x000000000000e950       0x1c /usr/lib/aarch64-linux-gnu/libc_nonshared.a(atexit.oS)
                0x000000000000e950                atexit
 .text          0x000000000000e96c       0x14 /usr/lib/gcc/aarch64-linux-gnu/13/../../../aarch64-linux-gnu/crti.o
 .text.get_trimmed_slice
                0x000000000000e980       0x34 libbb/lib.a(appletlib.o)
 .text.find_applet_by_name
                0x000000000000e9b4       0xbc libbb/lib.a(appletlib.o)
                0x000000000000e9b4                find_applet_by_name
 .text.bb_show_usage
                0x000000000000ea70       0xfc libbb/lib.a(appletlib.o)
                0x000000000000ea70                bb_show_usage
 .text.parse_config_file
                0x000000000000eb6c      0x32c libbb/lib.a(appletlib.o)
 .text.lbb_prepare
                0x000000000000ee98       0x24 libbb/lib.a(appletlib.o)
                0x000000000000ee98                lbb_prepare
 .text.run_applet_no_and_exit
                0x000000000000eebc      0x218 libbb/lib.a(appletlib.o)
                0x000000000000eebc                run_applet_no_and_exit
 .text.run_applet_and_exit
                0x000000000000f0d4      0x324 libbb/lib.a(appletlib.o)
 .text.main     0x000000000000f3f8       0x68 libbb/lib.a(appletlib.o)
                0x000000000000f3f8                main
 .text.is_prefixed_with
                0x000000000000f460       0x30 libbb/lib.a(compare_string_array.o)
                0x000000000000f460                is_prefixed_with
 .text.index_in_strings
                0x000000000000f490       0x58 libbb/lib.a(compare_string_array.o)
                0x000000000000f490                index_in_strings
 .text.index_in_substrings
                0x000000000000f4e8       0x94 libbb/lib.a(compare_string_array.o)
                0x000000000000f4e8                index_in_substrings
 .text.nth_string
                0x000000000000f57c       0x3c libbb/lib.a(compare_string_array.o)
                0x000000000000f57c                nth_string
 .text.concat_path_file
                0x000000000000f5b8       0x74 libbb/lib.a(concat_path_file.o)
                0x000000000000f5b8                concat_path_file
 .text.bb_basename
                0x000000000000f62c       0x24 libbb/lib.a(get_last_path_component.o)
                0x000000000000f62c                bb_basename
 .text.bb_get_last_path_component_nostrip
                0x000000000000f650       0x38 libbb/lib.a(get_last_path_component.o)
                0x000000000000f650                bb_get_last_path_component_nostrip
 .text.bb_get_last_path_component_strip
                0x000000000000f688       0x3c libbb/lib.a(get_last_path_component.o)
                0x000000000000f688                bb_get_last_path_component_strip
 .text.last_char_is
                0x000000000000f6c4       0x54 libbb/lib.a(last_char_is.o)
                0x000000000000f6c4                last_char_is
 .text.llist_add_to
                0x000000000000f718       0x30 libbb/lib.a(llist.o)
                0x000000000000f718                llist_add_to
 .text.llist_add_to_end
                0x000000000000f748       0x3c libbb/lib.a(llist.o)
                0x000000000000f748                llist_add_to_end
 .text.llist_pop
                0x000000000000f784       0x2c libbb/lib.a(llist.o)
                0x000000000000f784                llist_pop
 .text.llist_unlink
                0x000000000000f7b0       0x28 libbb/lib.a(llist.o)
                0x000000000000f7b0                llist_unlink
 .text.llist_free
                0x000000000000f7d8       0x3c libbb/lib.a(llist.o)
                0x000000000000f7d8                llist_free
 .text.llist_find_str
                0x000000000000f814       0x3c libbb/lib.a(llist.o)
                0x000000000000f814                llist_find_str
 .text.bb_perror_msg
                0x000000000000f850       0xd8 libbb/lib.a(perror_msg.o)
                0x000000000000f850                bb_perror_msg
 .text.bb_perror_msg_and_die
                0x000000000000f928       0xb0 libbb/lib.a(perror_msg.o)
                0x000000000000f928                bb_perror_msg_and_die
 .text.bb_simple_perror_msg
                0x000000000000f9d8       0x10 libbb/lib.a(perror_msg.o)
                0x000000000000f9d8                bb_simple_perror_msg
 .text.bb_simple_perror_msg_and_die
                0x000000000000f9e8       0x14 libbb/lib.a(perror_msg.o)
                0x000000000000f9e8                bb_simple_perror_msg_and_die
 .text.skip_whitespace
                0x000000000000f9fc       0x24 libbb/lib.a(skip_whitespace.o)
                0x000000000000f9fc                skip_whitespace
 .text.skip_non_whitespace
                0x000000000000fa20       0x28 libbb/lib.a(skip_whitespace.o)
                0x000000000000fa20                skip_non_whitespace
 .text.skip_dev_pfx
                0x000000000000fa48       0x28 libbb/lib.a(skip_whitespace.o)
                0x000000000000fa48                skip_dev_pfx
 .text.bb_verror_msg
                0x000000000000fa70      0x2a8 libbb/lib.a(verror_msg.o)
                0x000000000000fa70                bb_verror_msg
 .text.bb_error_msg_and_die
                0x000000000000fd18       0x88 libbb/lib.a(verror_msg.o)
                0x000000000000fd18                bb_error_msg_and_die
 .text.bb_error_msg
                0x000000000000fda0       0xb0 libbb/lib.a(verror_msg.o)
                0x000000000000fda0                bb_error_msg
 .text.xfdopen_helper
                0x000000000000fe50       0x3c libbb/lib.a(wfopen.o)
 .text.fopen_or_warn
                0x000000000000fe8c       0x30 libbb/lib.a(wfopen.o)
                0x000000000000fe8c                fopen_or_warn
 .text.fopen_for_read
                0x000000000000febc        0xc libbb/lib.a(wfopen.o)
                0x000000000000febc                fopen_for_read
 .text.xfopen_for_read
                0x000000000000fec8        0xc libbb/lib.a(wfopen.o)
                0x000000000000fec8                xfopen_for_read
 .text.fopen_for_write
                0x000000000000fed4        0xc libbb/lib.a(wfopen.o)
                0x000000000000fed4                fopen_for_write
 .text.xfopen_for_write
                0x000000000000fee0        0xc libbb/lib.a(wfopen.o)
                0x000000000000fee0                xfopen_for_write
 .text.xfdopen_for_read
                0x000000000000feec        0x8 libbb/lib.a(wfopen.o)
                0x000000000000feec                xfdopen_for_read
 .text.xfdopen_for_write
                0x000000000000fef4        0xc libbb/lib.a(wfopen.o)
                0x000000000000fef4                xfdopen_for_write
 .text.xfunc_die
                0x000000000000ff00       0x20 libbb/lib.a(xfunc_die.o)
                0x000000000000ff00                xfunc_die
 .text.ndelay_on
                0x000000000000ff20       0x3c libbb/lib.a(xfuncs.o)
                0x000000000000ff20                ndelay_on
 .text.ndelay_off
                0x000000000000ff5c       0x3c libbb/lib.a(xfuncs.o)
                0x000000000000ff5c                ndelay_off
 .text.close_on_exec_on
                0x000000000000ff98        0xc libbb/lib.a(xfuncs.o)
                0x000000000000ff98                close_on_exec_on
 .text.strncpy_IFNAMSIZ
                0x000000000000ffa4        0x8 libbb/lib.a(xfuncs.o)
                0x000000000000ffa4                strncpy_IFNAMSIZ
 .text.utoa_to_buf
                0x000000000000ffac       0x64 libbb/lib.a(xfuncs.o)
                0x000000000000ffac                utoa_to_buf
 .text.itoa_to_buf
                0x0000000000010010       0x24 libbb/lib.a(xfuncs.o)
                0x0000000000010010                itoa_to_buf
 .text.utoa     0x0000000000010034       0x28 libbb/lib.a(xfuncs.o)
                0x0000000000010034                utoa
 .text.itoa     0x000000000001005c       0x28 libbb/lib.a(xfuncs.o)
                0x000000000001005c                itoa
 .text.bin2hex  0x0000000000010084       0x50 libbb/lib.a(xfuncs.o)
                0x0000000000010084                bin2hex
 .text.hex2bin  0x00000000000100d4       0xe8 libbb/lib.a(xfuncs.o)
                0x00000000000100d4                hex2bin
 .text.bb_putchar_stderr
                0x00000000000101bc       0x20 libbb/lib.a(xfuncs.o)
                0x00000000000101bc                bb_putchar_stderr
 .text.full_write1_str
                0x00000000000101dc       0x20 libbb/lib.a(xfuncs.o)
                0x00000000000101dc                full_write1_str
 .text.full_write2_str
                0x00000000000101fc       0x20 libbb/lib.a(xfuncs.o)
                0x00000000000101fc                full_write2_str
 .text.get_terminal_width_height
                0x000000000001021c      0x10c libbb/lib.a(xfuncs.o)
                0x000000000001021c                get_terminal_width_height
 .text.get_terminal_width
                0x0000000000010328       0x54 libbb/lib.a(xfuncs.o)
                0x0000000000010328                get_terminal_width
 .text.tcsetattr_stdin_TCSANOW
                0x000000000001037c       0x10 libbb/lib.a(xfuncs.o)
                0x000000000001037c                tcsetattr_stdin_TCSANOW
 .text.safe_waitpid
                0x000000000001038c       0x54 libbb/lib.a(xfuncs.o)
                0x000000000001038c                safe_waitpid
 .text.wait_any_nohang
                0x00000000000103e0       0x10 libbb/lib.a(xfuncs.o)
                0x00000000000103e0                wait_any_nohang
 .text.wait4pid
                0x00000000000103f0       0x94 libbb/lib.a(xfuncs.o)
                0x00000000000103f0                wait4pid
 .text.wait_for_exitstatus
                0x0000000000010484       0x64 libbb/lib.a(xfuncs.o)
                0x0000000000010484                wait_for_exitstatus
 .text.malloc_or_warn
                0x00000000000104e8       0x3c libbb/lib.a(xfuncs_printf.o)
                0x00000000000104e8                malloc_or_warn
 .text.xmalloc  0x0000000000010524       0x2c libbb/lib.a(xfuncs_printf.o)
                0x0000000000010524                xmalloc
 .text.xrealloc
                0x0000000000010550       0x2c libbb/lib.a(xfuncs_printf.o)
                0x0000000000010550                xrealloc
 .text.xzalloc  0x000000000001057c       0x30 libbb/lib.a(xfuncs_printf.o)
                0x000000000001057c                xzalloc
 .text.xstrdup  0x00000000000105ac       0x28 libbb/lib.a(xfuncs_printf.o)
                0x00000000000105ac                xstrdup
 .text.xstrndup
                0x00000000000105d4       0x54 libbb/lib.a(xfuncs_printf.o)
                0x00000000000105d4                xstrndup
 .text.xmemdup  0x0000000000010628       0x2c libbb/lib.a(xfuncs_printf.o)
                0x0000000000010628                xmemdup
 .text.xfopen   0x0000000000010654       0x28 libbb/lib.a(xfuncs_printf.o)
                0x0000000000010654                xfopen
 .text.xopen3   0x000000000001067c       0x28 libbb/lib.a(xfuncs_printf.o)
                0x000000000001067c                xopen3
 .text.xopen    0x00000000000106a4        0x8 libbb/lib.a(xfuncs_printf.o)
                0x00000000000106a4                xopen
 .text.open3_or_warn
                0x00000000000106ac       0x38 libbb/lib.a(xfuncs_printf.o)
                0x00000000000106ac                open3_or_warn
 .text.open_or_warn
                0x00000000000106e4        0x8 libbb/lib.a(xfuncs_printf.o)
                0x00000000000106e4                open_or_warn
 .text.xopen_nonblocking
                0x00000000000106ec        0x8 libbb/lib.a(xfuncs_printf.o)
                0x00000000000106ec                xopen_nonblocking
 .text.xunlink  0x00000000000106f4       0x28 libbb/lib.a(xfuncs_printf.o)
                0x00000000000106f4                xunlink
 .text.xrename  0x000000000001071c       0x38 libbb/lib.a(xfuncs_printf.o)
                0x000000000001071c                xrename
 .text.rename_or_warn
                0x0000000000010754       0x40 libbb/lib.a(xfuncs_printf.o)
                0x0000000000010754                rename_or_warn
 .text.xpipe    0x0000000000010794       0x20 libbb/lib.a(xfuncs_printf.o)
                0x0000000000010794                xpipe
 .text.xdup2    0x00000000000107b4       0x28 libbb/lib.a(xfuncs_printf.o)
                0x00000000000107b4                xdup2
 .text.xmove_fd
                0x00000000000107dc       0x24 libbb/lib.a(xfuncs_printf.o)
                0x00000000000107dc                xmove_fd
 .text.xwrite   0x0000000000010800       0x30 libbb/lib.a(xfuncs_printf.o)
                0x0000000000010800                xwrite
 .text.xwrite_str
                0x0000000000010830       0x30 libbb/lib.a(xfuncs_printf.o)
                0x0000000000010830                xwrite_str
 .text.xclose   0x0000000000010860       0x20 libbb/lib.a(xfuncs_printf.o)
                0x0000000000010860                xclose
 .text.xlseek   0x0000000000010880       0x48 libbb/lib.a(xfuncs_printf.o)
                0x0000000000010880                xlseek
 .text.xmkstemp
                0x00000000000108c8       0x28 libbb/lib.a(xfuncs_printf.o)
                0x00000000000108c8                xmkstemp
 .text.die_if_ferror
                0x00000000000108f0       0x28 libbb/lib.a(xfuncs_printf.o)
                0x00000000000108f0                die_if_ferror
 .text.die_if_ferror_stdout
                0x0000000000010918       0x18 libbb/lib.a(xfuncs_printf.o)
                0x0000000000010918                die_if_ferror_stdout
 .text.fflush_all
                0x0000000000010930        0x8 libbb/lib.a(xfuncs_printf.o)
                0x0000000000010930                fflush_all
 .text.bb_putchar
                0x0000000000010938        0x4 libbb/lib.a(xfuncs_printf.o)
                0x0000000000010938                bb_putchar
 .text.xprint_and_close_file
                0x000000000001093c       0x34 libbb/lib.a(xfuncs_printf.o)
                0x000000000001093c                xprint_and_close_file
 .text.xasprintf
                0x0000000000010970       0xd4 libbb/lib.a(xfuncs_printf.o)
                0x0000000000010970                xasprintf
 .text.xsetenv  0x0000000000010a44       0x24 libbb/lib.a(xfuncs_printf.o)
                0x0000000000010a44                xsetenv
 .text.bb_unsetenv
                0x0000000000010a68       0x40 libbb/lib.a(xfuncs_printf.o)
                0x0000000000010a68                bb_unsetenv
 .text.bb_unsetenv_and_free
                0x0000000000010aa8       0x18 libbb/lib.a(xfuncs_printf.o)
                0x0000000000010aa8                bb_unsetenv_and_free
 .text.xsetgid  0x0000000000010ac0       0x20 libbb/lib.a(xfuncs_printf.o)
                0x0000000000010ac0                xsetgid
 .text.xsetuid  0x0000000000010ae0       0x20 libbb/lib.a(xfuncs_printf.o)
                0x0000000000010ae0                xsetuid
 .text.xsetegid
                0x0000000000010b00       0x20 libbb/lib.a(xfuncs_printf.o)
                0x0000000000010b00                xsetegid
 .text.xseteuid
                0x0000000000010b20       0x20 libbb/lib.a(xfuncs_printf.o)
                0x0000000000010b20                xseteuid
 .text.xopen_as_uid_gid
                0x0000000000010b40       0x78 libbb/lib.a(xfuncs_printf.o)
                0x0000000000010b40                xopen_as_uid_gid
 .text.xchdir   0x0000000000010bb8       0x28 libbb/lib.a(xfuncs_printf.o)
                0x0000000000010bb8                xchdir
 .text.xfchdir  0x0000000000010be0       0x20 libbb/lib.a(xfuncs_printf.o)
                0x0000000000010be0                xfchdir
 .text.xchroot  0x0000000000010c00       0x30 libbb/lib.a(xfuncs_printf.o)
                0x0000000000010c00                xchroot
 .text.warn_opendir
                0x0000000000010c30       0x38 libbb/lib.a(xfuncs_printf.o)
                0x0000000000010c30                warn_opendir
 .text.xopendir
                0x0000000000010c68       0x28 libbb/lib.a(xfuncs_printf.o)
                0x0000000000010c68                xopendir
 .text.xsocket  0x0000000000010c90       0x20 libbb/lib.a(xfuncs_printf.o)
                0x0000000000010c90                xsocket
 .text.xbind    0x0000000000010cb0       0x20 libbb/lib.a(xfuncs_printf.o)
                0x0000000000010cb0                xbind
 .text.xlisten  0x0000000000010cd0       0x20 libbb/lib.a(xfuncs_printf.o)
                0x0000000000010cd0                xlisten
 .text.xsendto  0x0000000000010cf0       0x2c libbb/lib.a(xfuncs_printf.o)
                0x0000000000010cf0                xsendto
 .text.xstat    0x0000000000010d1c       0x28 libbb/lib.a(xfuncs_printf.o)
                0x0000000000010d1c                xstat
 .text.xfstat   0x0000000000010d44       0x20 libbb/lib.a(xfuncs_printf.o)
                0x0000000000010d44                xfstat
 .text.ioctl_or_perror_and_die
                0x0000000000010d64       0xd4 libbb/lib.a(xfuncs_printf.o)
                0x0000000000010d64                ioctl_or_perror_and_die
 .text.ioctl_or_perror
                0x0000000000010e38       0xdc libbb/lib.a(xfuncs_printf.o)
                0x0000000000010e38                ioctl_or_perror
 .text.bb_ioctl_or_warn
                0x0000000000010f14       0x34 libbb/lib.a(xfuncs_printf.o)
                0x0000000000010f14                bb_ioctl_or_warn
 .text.bb_xioctl
                0x0000000000010f48       0x24 libbb/lib.a(xfuncs_printf.o)
                0x0000000000010f48                bb_xioctl
 .text.xmalloc_ttyname
                0x0000000000010f6c       0x70 libbb/lib.a(xfuncs_printf.o)
                0x0000000000010f6c                xmalloc_ttyname
 .text.generate_uuid
                0x0000000000010fdc       0xa8 libbb/lib.a(xfuncs_printf.o)
                0x0000000000010fdc                generate_uuid
 .text.xfork    0x0000000000011084       0x20 libbb/lib.a(xfuncs_printf.o)
                0x0000000000011084                xfork
 .text.xvfork_parent_waits_and_exits
                0x00000000000110a4       0x54 libbb/lib.a(xfuncs_printf.o)
                0x00000000000110a4                xvfork_parent_waits_and_exits
 .text.xmalloc_readlink
                0x00000000000110f8       0x70 libbb/lib.a(xreadlink.o)
                0x00000000000110f8                xmalloc_readlink
 .text.xmalloc_follow_symlinks
                0x0000000000011168       0xc8 libbb/lib.a(xreadlink.o)
                0x0000000000011168                xmalloc_follow_symlinks
 .text.xmalloc_readlink_or_warn
                0x0000000000011230       0x60 libbb/lib.a(xreadlink.o)
                0x0000000000011230                xmalloc_readlink_or_warn
 .text.xmalloc_realpath
                0x0000000000011290        0x8 libbb/lib.a(xreadlink.o)
                0x0000000000011290                xmalloc_realpath
 .text.bb_full_fd_action
                0x0000000000011298      0x18c libbb/lib.a(copyfd.o)
 .text.bb_copyfd_size
                0x0000000000011424       0x10 libbb/lib.a(copyfd.o)
                0x0000000000011424                bb_copyfd_size
 .text.bb_copyfd_exact_size
                0x0000000000011434       0x3c libbb/lib.a(copyfd.o)
                0x0000000000011434                bb_copyfd_exact_size
 .text.bb_copyfd_eof
                0x0000000000011470        0x8 libbb/lib.a(copyfd.o)
                0x0000000000011470                bb_copyfd_eof
 .text.full_write
                0x0000000000011478       0x5c libbb/lib.a(full_write.o)
                0x0000000000011478                full_write
 .text.safe_read
                0x00000000000114d4       0x50 libbb/lib.a(read.o)
                0x00000000000114d4                safe_read
 .text.full_read
                0x0000000000011524       0x64 libbb/lib.a(read.o)
                0x0000000000011524                full_read
 .text.read_close
                0x0000000000011588       0x2c libbb/lib.a(read.o)
                0x0000000000011588                read_close
 .text.open_read_close
                0x00000000000115b4       0x40 libbb/lib.a(read.o)
                0x00000000000115b4                open_read_close
 .text.safe_write
                0x00000000000115f4       0x50 libbb/lib.a(safe_write.o)
                0x00000000000115f4                safe_write
 .text.record_signo
                0x0000000000011644        0xc libbb/lib.a(signals.o)
                0x0000000000011644                record_signo
 .text.sigaction_set
                0x0000000000011650        0x8 libbb/lib.a(signals.o)
                0x0000000000011650                sigaction_set
 .text.sigprocmask_allsigs
                0x0000000000011658       0x70 libbb/lib.a(signals.o)
                0x0000000000011658                sigprocmask_allsigs
 .text.bb_signals
                0x00000000000116c8       0x54 libbb/lib.a(signals.o)
                0x00000000000116c8                bb_signals
 .text.bb_signals_recursive_norestart
                0x000000000001171c       0xa4 libbb/lib.a(signals.o)
                0x000000000001171c                bb_signals_recursive_norestart
 .text.sig_block
                0x00000000000117c0       0x7c libbb/lib.a(signals.o)
                0x00000000000117c0                sig_block
 .text.sig_unblock
                0x000000000001183c       0x7c libbb/lib.a(signals.o)
                0x000000000001183c                sig_unblock
 .text.wait_for_any_sig
                0x00000000000118b8       0x60 libbb/lib.a(signals.o)
                0x00000000000118b8                wait_for_any_sig
 .text.kill_myself_with_sig
                0x0000000000011918       0x28 libbb/lib.a(signals.o)
                0x0000000000011918                kill_myself_with_sig
 .text.signal_SA_RESTART_empty_mask
                0x0000000000011940       0x7c libbb/lib.a(signals.o)
                0x0000000000011940                signal_SA_RESTART_empty_mask
 .text.signal_no_SA_RESTART_empty_mask
                0x00000000000119bc       0x74 libbb/lib.a(signals.o)
                0x00000000000119bc                signal_no_SA_RESTART_empty_mask
 .text.get_mono
                0x0000000000011a30       0x2c libbb/lib.a(time.o)
 .text.parse_datestr
                0x0000000000011a5c      0x4a4 libbb/lib.a(time.o)
                0x0000000000011a5c                parse_datestr
 .text.validate_tm_time
                0x0000000000011f00       0x30 libbb/lib.a(time.o)
                0x0000000000011f00                validate_tm_time
 .text.strftime_HHMMSS
                0x0000000000011f30       0x98 libbb/lib.a(time.o)
                0x0000000000011f30                strftime_HHMMSS
 .text.strftime_YYYYMMDDHHMMSS
                0x0000000000011fc8       0x98 libbb/lib.a(time.o)
                0x0000000000011fc8                strftime_YYYYMMDDHHMMSS
 .text.monotonic_us
                0x0000000000012060       0x6c libbb/lib.a(time.o)
                0x0000000000012060                monotonic_us
 .text.monotonic_ms
                0x00000000000120cc       0x6c libbb/lib.a(time.o)
                0x00000000000120cc                monotonic_ms
 .text.monotonic_sec
                0x0000000000012138       0x54 libbb/lib.a(time.o)
                0x0000000000012138                monotonic_sec
 .text.handle_errors.isra.0
                0x000000000001218c       0x58 libbb/lib.a(bb_strtonum.o)
 .text.bb_strtoull
                0x00000000000121e4       0xb0 libbb/lib.a(bb_strtonum.o)
                0x00000000000121e4                bb_strtoull
 .text.bb_strtoll
                0x0000000000012294       0xbc libbb/lib.a(bb_strtonum.o)
                0x0000000000012294                bb_strtoll
 .text.bb_strtou
                0x0000000000012350       0xc0 libbb/lib.a(bb_strtonum.o)
                0x0000000000012350                bb_strtou
 .text.bb_strtoi
                0x0000000000012410       0xd8 libbb/lib.a(bb_strtonum.o)
                0x0000000000012410                bb_strtoi
 .text.get_S    0x00000000000124e8       0x58 libpwdgrp/lib.a(pwd_grp.o)
 .text.tokenize
                0x0000000000012540       0xc8 libpwdgrp/lib.a(pwd_grp.o)
 .text.parse_common
                0x0000000000012608      0x118 libpwdgrp/lib.a(pwd_grp.o)
 .text.parse_file
                0x0000000000012720       0x5c libpwdgrp/lib.a(pwd_grp.o)
 .text.convert_to_struct
                0x000000000001277c      0x158 libpwdgrp/lib.a(pwd_grp.o)
 .text.massage_data_for_r_func
                0x00000000000128d4       0x90 libpwdgrp/lib.a(pwd_grp.o)
 .text.massage_data_for_non_r_func
                0x0000000000012964       0x7c libpwdgrp/lib.a(pwd_grp.o)
 .text.getXXnam
                0x00000000000129e0       0x44 libpwdgrp/lib.a(pwd_grp.o)
 .text.getgrouplist_internal
                0x0000000000012a24      0x144 libpwdgrp/lib.a(pwd_grp.o)
 .text.bb_internal_getspnam_r
                0x0000000000012b68       0x5c libpwdgrp/lib.a(pwd_grp.o)
                0x0000000000012b68                bb_internal_getspnam_r
 .text.bb_internal_getpwent
                0x0000000000012bc4       0x58 libpwdgrp/lib.a(pwd_grp.o)
                0x0000000000012bc4                bb_internal_getpwent
 .text.bb_internal_getpwnam
                0x0000000000012c1c        0x8 libpwdgrp/lib.a(pwd_grp.o)
                0x0000000000012c1c                bb_internal_getpwnam
 .text.bb_internal_getgrnam
                0x0000000000012c24        0x8 libpwdgrp/lib.a(pwd_grp.o)
                0x0000000000012c24                bb_internal_getgrnam
 .text.bb_internal_getpwuid
                0x0000000000012c2c       0x14 libpwdgrp/lib.a(pwd_grp.o)
                0x0000000000012c2c                bb_internal_getpwuid
 .text.bb_internal_getgrgid
                0x0000000000012c40       0x14 libpwdgrp/lib.a(pwd_grp.o)
                0x0000000000012c40                bb_internal_getgrgid
 .text.bb_internal_endgrent
                0x0000000000012c54       0x2c libpwdgrp/lib.a(pwd_grp.o)
                0x0000000000012c54                bb_internal_endgrent
 .text.bb_internal_initgroups
                0x0000000000012c80       0x80 libpwdgrp/lib.a(pwd_grp.o)
                0x0000000000012c80                bb_internal_initgroups
 .text.bb_internal_getgrouplist
                0x0000000000012d00       0x6c libpwdgrp/lib.a(pwd_grp.o)
                0x0000000000012d00                bb_internal_getgrouplist
 .text.get_uidgid
                0x0000000000012d6c      0x16c libpwdgrp/lib.a(uidgid_get.o)
                0x0000000000012d6c                get_uidgid
 .text.xget_uidgid
                0x0000000000012ed8       0x28 libpwdgrp/lib.a(uidgid_get.o)
                0x0000000000012ed8                xget_uidgid
 .text.parse_chown_usergroup_or_die
                0x0000000000012f00       0xa4 libpwdgrp/lib.a(uidgid_get.o)
                0x0000000000012f00                parse_chown_usergroup_or_die
 .text.add_remove_shell_main
                0x0000000000012fa4      0x15c loginutils/lib.a(add-remove-shell.o)
                0x0000000000012fa4                add_remove_shell_main
 .text.addgroup_main
                0x0000000000013100      0x254 loginutils/lib.a(addgroup.o)
                0x0000000000013100                addgroup_main
 .text.addgroup_wrapper
                0x0000000000013354       0xac loginutils/lib.a(adduser.o)
 .text.adduser_main
                0x0000000000013400      0x3e4 loginutils/lib.a(adduser.o)
                0x0000000000013400                adduser_main
 .text.chpasswd_main
                0x00000000000137e4      0x1ec loginutils/lib.a(chpasswd.o)
                0x00000000000137e4                chpasswd_main
 .text.cryptpw_main
                0x00000000000139d0      0x160 loginutils/lib.a(cryptpw.o)
                0x00000000000139d0                cryptpw_main
 .text.deluser_main
                0x0000000000013b30      0x1b0 loginutils/lib.a(deluser.o)
                0x0000000000013b30                deluser_main
 .text.sleep10  0x0000000000013ce0        0x8 loginutils/lib.a(getty.o)
 .text.bcode    0x0000000000013ce8       0x24 loginutils/lib.a(getty.o)
 .text.set_tty_attrs
                0x0000000000013d0c       0x2c loginutils/lib.a(getty.o)
 .text.finalize_tty_attrs
                0x0000000000013d38       0x78 loginutils/lib.a(getty.o)
 .text.alarm_handler
                0x0000000000013db0       0x10 loginutils/lib.a(getty.o)
 .text.getty_main
                0x0000000000013dc0      0x76c loginutils/lib.a(getty.o)
                0x0000000000013dc0                getty_main
 .text.alarm_handler
                0x000000000001452c       0x40 loginutils/lib.a(login.o)
 .text.login_main
                0x000000000001456c      0x590 loginutils/lib.a(login.o)
                0x000000000001456c                login_main
 .text.passwd_main
                0x0000000000014afc      0x474 loginutils/lib.a(passwd.o)
                0x0000000000014afc                passwd_main
 .text.su_main  0x0000000000014f70      0x224 loginutils/lib.a(su.o)
                0x0000000000014f70                su_main
 .text.sulogin_main
                0x0000000000015194      0x198 loginutils/lib.a(sulogin.o)
                0x0000000000015194                sulogin_main
 .text.acquire_vt
                0x000000000001532c       0x10 loginutils/lib.a(vlock.o)
 .text.release_vt
                0x000000000001533c       0x1c loginutils/lib.a(vlock.o)
 .text.vlock_main
                0x0000000000015358      0x1d8 loginutils/lib.a(vlock.o)
                0x0000000000015358                vlock_main
 .text.makemime_main
                0x0000000000015530      0x1fc mailutils/lib.a(makemime.o)
                0x0000000000015530                makemime_main
 .text.pop3_checkr
                0x000000000001572c       0xa4 mailutils/lib.a(popmaildir.o)
 .text.popmaildir_main
                0x00000000000157d0      0x434 mailutils/lib.a(popmaildir.o)
                0x00000000000157d0                popmaildir_main
 .text.find_token
                0x0000000000015c04       0x54 mailutils/lib.a(reformime.o)
 .text.parse    0x0000000000015c58      0x4b0 mailutils/lib.a(reformime.o)
 .text.reformime_main
                0x0000000000016108       0xec mailutils/lib.a(reformime.o)
                0x0000000000016108                reformime_main
 .text.smtp_checkp
                0x00000000000161f4       0xec mailutils/lib.a(sendmail.o)
 .text.rcptto   0x00000000000162e0       0x48 mailutils/lib.a(sendmail.o)
 .text.smtp_check
                0x0000000000016328        0xc mailutils/lib.a(sendmail.o)
 .text.sane_address
                0x0000000000016334       0x80 mailutils/lib.a(sendmail.o)
 .text.angle_address
                0x00000000000163b4       0x4c mailutils/lib.a(sendmail.o)
 .text.rcptto_list
                0x0000000000016400       0xa0 mailutils/lib.a(sendmail.o)
 .text.send_r_n
                0x00000000000164a0       0x40 mailutils/lib.a(sendmail.o)
 .text.sendmail_main
                0x00000000000164e0      0x550 mailutils/lib.a(sendmail.o)
                0x00000000000164e0                sendmail_main
 .text.kill_helper
                0x0000000000016a30       0x2c mailutils/lib.a(mail.o)
 .text.signal_handler
                0x0000000000016a5c       0x8c mailutils/lib.a(mail.o)
 .text.launch_helper
                0x0000000000016ae8      0x110 mailutils/lib.a(mail.o)
                0x0000000000016ae8                launch_helper
 .text.send_mail_command
                0x0000000000016bf8       0x78 mailutils/lib.a(mail.o)
                0x0000000000016bf8                send_mail_command
 .text.encode_base64
                0x0000000000016c70      0x18c mailutils/lib.a(mail.o)
                0x0000000000016c70                encode_base64
 .text.get_cred_or_die
                0x0000000000016dfc       0xa0 mailutils/lib.a(mail.o)
                0x0000000000016dfc                get_cred_or_die
 .text.adjtimex_main
                0x0000000000016e9c      0x1fc miscutils/lib.a(adjtimex.o)
                0x0000000000016e9c                adjtimex_main
 .text.beep_main
                0x0000000000017098      0x190 miscutils/lib.a(beep.o)
                0x0000000000017098                beep_main
 .text.signal_handler
                0x0000000000017228       0x10 miscutils/lib.a(chat.o)
 .text.unescape
                0x0000000000017238       0xf8 miscutils/lib.a(chat.o)
 .text.chat_main
                0x0000000000017330      0x598 miscutils/lib.a(chat.o)
                0x0000000000017330                chat_main
 .text.show_min_max
                0x00000000000178c8       0x64 miscutils/lib.a(chrt.o)
 .text.chrt_main
                0x000000000001792c      0x1f8 miscutils/lib.a(chrt.o)
                0x000000000001792c                chrt_main
 .text.create_cdev_if_doesnt_exist
                0x0000000000017b24       0x64 miscutils/lib.a(conspy.o)
 .text.start_shell_in_child
                0x0000000000017b88      0x138 miscutils/lib.a(conspy.o)
 .text.putcsi   0x0000000000017cc0       0x38 miscutils/lib.a(conspy.o)
 .text.set_cursor
                0x0000000000017cf8       0x4c miscutils/lib.a(conspy.o)
 .text.gotoxy   0x0000000000017d44       0x40 miscutils/lib.a(conspy.o)
 .text.screen_char
                0x0000000000017d84      0x124 miscutils/lib.a(conspy.o)
 .text.screen_dump
                0x0000000000017ea8      0x104 miscutils/lib.a(conspy.o)
 .text.cleanup  0x0000000000017fac       0x5c miscutils/lib.a(conspy.o)
 .text.screen_read_close
                0x0000000000018008      0x134 miscutils/lib.a(conspy.o)
 .text.conspy_main
                0x000000000001813c      0x614 miscutils/lib.a(conspy.o)
                0x000000000001813c                conspy_main
 .text.crondlog
                0x0000000000018750       0x54 miscutils/lib.a(crond.o)
 .text.log8     0x00000000000187a4       0xb4 miscutils/lib.a(crond.o)
 .text.log5     0x0000000000018858       0xb4 miscutils/lib.a(crond.o)
 .text.reopen_logfile_to_stderr
                0x000000000001890c       0x38 miscutils/lib.a(crond.o)
 .text.delete_cronfile
                0x0000000000018944       0xc4 miscutils/lib.a(crond.o)
 .text.ParseField
                0x0000000000018a08      0x2c4 miscutils/lib.a(crond.o)
 .text.fork_job
                0x0000000000018ccc      0x1e0 miscutils/lib.a(crond.o)
 .text.log7.constprop.0
                0x0000000000018eac       0xb8 miscutils/lib.a(crond.o)
 .text.load_crontab
                0x0000000000018f64      0x3cc miscutils/lib.a(crond.o)
 .text.rescan_crontab_dir
                0x0000000000019330       0xa4 miscutils/lib.a(crond.o)
 .text.crond_main
                0x00000000000193d4      0x614 miscutils/lib.a(crond.o)
                0x00000000000193d4                crond_main
 .text.edit_file
                0x00000000000199e8       0x9c miscutils/lib.a(crontab.o)
 .text.crontab_main
                0x0000000000019a84      0x2d0 miscutils/lib.a(crontab.o)
                0x0000000000019a84                crontab_main
 .text.pop      0x0000000000019d54       0x34 miscutils/lib.a(dc.o)
 .text.push     0x0000000000019d88       0x38 miscutils/lib.a(dc.o)
 .text.divide   0x0000000000019dc0       0x24 miscutils/lib.a(dc.o)
 .text.mul      0x0000000000019de4       0x24 miscutils/lib.a(dc.o)
 .text.sub      0x0000000000019e08       0x24 miscutils/lib.a(dc.o)
 .text.add      0x0000000000019e2c       0x24 miscutils/lib.a(dc.o)
 .text.eor      0x0000000000019e50       0x30 miscutils/lib.a(dc.o)
 .text.not      0x0000000000019e80       0x1c miscutils/lib.a(dc.o)
 .text.or       0x0000000000019e9c       0x30 miscutils/lib.a(dc.o)
 .text.and      0x0000000000019ecc       0x30 miscutils/lib.a(dc.o)
 .text.mod      0x0000000000019efc       0x34 miscutils/lib.a(dc.o)
 .text.stack_machine
                0x0000000000019f30       0xe8 miscutils/lib.a(dc.o)
 .text.set_output_base
                0x000000000001a018       0x58 miscutils/lib.a(dc.o)
 .text.print_base
                0x000000000001a070       0xd8 miscutils/lib.a(dc.o)
 .text.print_stack_no_pop
                0x000000000001a148       0x38 miscutils/lib.a(dc.o)
 .text.power    0x000000000001a180       0x28 miscutils/lib.a(dc.o)
 .text.print_no_pop
                0x000000000001a1a8       0x30 miscutils/lib.a(dc.o)
 .text.dc_main  0x000000000001a1d8       0x70 miscutils/lib.a(dc.o)
                0x000000000001a1d8                dc_main
 .text.devmem_main
                0x000000000001a248      0x21c miscutils/lib.a(devmem.o)
                0x000000000001a248                devmem_main
 .text.eject_main
                0x000000000001a464      0x1c8 miscutils/lib.a(eject.o)
                0x000000000001a464                eject_main
 .text.fb_pixel_value
                0x000000000001a62c       0x78 miscutils/lib.a(fbsplash.o)
 .text.fb_write_pixel
                0x000000000001a6a4       0x50 miscutils/lib.a(fbsplash.o)
 .text.fb_drawfullrectangle
                0x000000000001a6f4       0x7c miscutils/lib.a(fbsplash.o)
 .text.fb_drawprogressbar
                0x000000000001a770      0x1d0 miscutils/lib.a(fbsplash.o)
 .text.fb_setpal
                0x000000000001a940       0xc0 miscutils/lib.a(fbsplash.o)
 .text.fbsplash_main
                0x000000000001aa00      0x4c8 miscutils/lib.a(fbsplash.o)
                0x000000000001aa00                fbsplash_main
 .text.parse_opts
                0x000000000001aec8       0x3c miscutils/lib.a(hdparm.o)
 .text.parse_opts_0_1
                0x000000000001af04        0xc miscutils/lib.a(hdparm.o)
 .text.parse_opts_0_INTMAX
                0x000000000001af10        0xc miscutils/lib.a(hdparm.o)
 .text.translate_xfermode
                0x000000000001af1c       0x8c miscutils/lib.a(hdparm.o)
 .text.read_big_block
                0x000000000001afa8       0x3c miscutils/lib.a(hdparm.o)
 .text.on_off   0x000000000001afe4       0x1c miscutils/lib.a(hdparm.o)
 .text.mode_loop
                0x000000000001b000       0xb4 miscutils/lib.a(hdparm.o)
 .text.xprint_ascii
                0x000000000001b0b4       0x88 miscutils/lib.a(hdparm.o)
 .text.print_value_on_off
                0x000000000001b13c       0x30 miscutils/lib.a(hdparm.o)
 .text.bus_state_value
                0x000000000001b16c       0x4c miscutils/lib.a(hdparm.o)
 .text.identify
                0x000000000001b1b8     0x1214 miscutils/lib.a(hdparm.o)
 .text.identify_from_stdin
                0x000000000001c3cc       0xa8 miscutils/lib.a(hdparm.o)
 .text.dump_identity
                0x000000000001c474      0x4ec miscutils/lib.a(hdparm.o)
 .text.seek_to_zero
                0x000000000001c960       0x10 miscutils/lib.a(hdparm.o)
 .text.flush_buffer_cache
                0x000000000001c970       0x6c miscutils/lib.a(hdparm.o)
 .text.do_time  0x000000000001c9dc      0x1f0 miscutils/lib.a(hdparm.o)
 .text.print_flag_on_off.constprop.0
                0x000000000001cbcc       0x2c miscutils/lib.a(hdparm.o)
 .text.ioctl_alt_func.constprop.0
                0x000000000001cbf8       0x54 miscutils/lib.a(hdparm.o)
 .text.process_dev
                0x000000000001cc4c      0xe30 miscutils/lib.a(hdparm.o)
 .text.hdparm_main
                0x000000000001da7c      0x47c miscutils/lib.a(hdparm.o)
                0x000000000001da7c                hdparm_main
 .text.i2c_bus_lookup
                0x000000000001def8       0x10 miscutils/lib.a(i2c_tools.o)
 .text.i2c_dev_open
                0x000000000001df08       0xb0 miscutils/lib.a(i2c_tools.o)
 .text.check_funcs_test_end
                0x000000000001dfb8       0x40 miscutils/lib.a(i2c_tools.o)
 .text.check_read_funcs
                0x000000000001dff8      0x134 miscutils/lib.a(i2c_tools.o)
 .text.i2c_set_slave_addr
                0x000000000001e12c       0x24 miscutils/lib.a(i2c_tools.o)
 .text.confirm_or_abort
                0x000000000001e150       0x3c miscutils/lib.a(i2c_tools.o)
 .text.confirm_action
                0x000000000001e18c       0x84 miscutils/lib.a(i2c_tools.o)
 .text.i2c_smbus_access
                0x000000000001e210       0x64 miscutils/lib.a(i2c_tools.o)
 .text.i2c_smbus_read_byte
                0x000000000001e274       0x60 miscutils/lib.a(i2c_tools.o)
 .text.i2c_smbus_read_word_data
                0x000000000001e2d4       0x64 miscutils/lib.a(i2c_tools.o)
 .text.i2c_smbus_read_byte_data
                0x000000000001e338       0x64 miscutils/lib.a(i2c_tools.o)
 .text.read_block_data.constprop.0
                0x000000000001e39c      0x15c miscutils/lib.a(i2c_tools.o)
 .text.list_i2c_busses_and_exit
                0x000000000001e4f8      0x278 miscutils/lib.a(i2c_tools.o)
 .text.i2cget_main
                0x000000000001e770      0x214 miscutils/lib.a(i2c_tools.o)
                0x000000000001e770                i2cget_main
 .text.i2cset_main
                0x000000000001e984      0x598 miscutils/lib.a(i2c_tools.o)
                0x000000000001e984                i2cset_main
 .text.i2cdump_main
                0x000000000001ef1c      0x670 miscutils/lib.a(i2c_tools.o)
                0x000000000001ef1c                i2cdump_main
 .text.i2cdetect_main
                0x000000000001f58c      0x390 miscutils/lib.a(i2c_tools.o)
                0x000000000001f58c                i2cdetect_main
 .text.ionice_main
                0x000000000001f91c      0x18c miscutils/lib.a(ionice.o)
                0x000000000001f91c                ionice_main
 .text.show_entry
                0x000000000001faa8      0x1bc miscutils/lib.a(last_fancy.o)
 .text.last_main
                0x000000000001fc64      0x354 miscutils/lib.a(last_fancy.o)
                0x000000000001fc64                last_main
 .text.at_end   0x000000000001ffb8       0x5c miscutils/lib.a(less.o)
 .text.safe_lineno
                0x0000000000020014       0x38 miscutils/lib.a(less.o)
 .text.opp_bracket
                0x000000000002004c       0x70 miscutils/lib.a(less.o)
 .text.sigwinch_handler
                0x00000000000200bc       0x18 miscutils/lib.a(less.o)
 .text.set_tty_cooked
                0x00000000000200d4       0x24 miscutils/lib.a(less.o)
 .text.clear_line
                0x00000000000200f8       0x20 miscutils/lib.a(less.o)
 .text.less_exit
                0x0000000000020118       0x24 miscutils/lib.a(less.o)
 .text.sig_catcher
                0x000000000002013c        0xc miscutils/lib.a(less.o)
 .text.print_statusline
                0x0000000000020148       0x34 miscutils/lib.a(less.o)
 .text.fill_match_lines
                0x000000000002017c       0xa4 miscutils/lib.a(less.o)
 .text.read_lines
                0x0000000000020220      0x348 miscutils/lib.a(less.o)
 .text.goto_lineno
                0x0000000000020568       0xac miscutils/lib.a(less.o)
 .text.cap_cur_fline
                0x0000000000020614       0x8c miscutils/lib.a(less.o)
 .text.re_wrap  0x00000000000206a0      0x238 miscutils/lib.a(less.o)
 .text.update_num_lines
                0x00000000000208d8      0x140 miscutils/lib.a(less.o)
 .text.m_status_print
                0x0000000000020a18      0x168 miscutils/lib.a(less.o)
 .text.status_print
                0x0000000000020b80       0x9c miscutils/lib.a(less.o)
 .text.buffer_print
                0x0000000000020c1c      0x450 miscutils/lib.a(less.o)
 .text.buffer_fill_and_print
                0x000000000002106c       0xcc miscutils/lib.a(less.o)
 .text.reinitialize
                0x0000000000021138       0xc4 miscutils/lib.a(less.o)
 .text.change_file
                0x00000000000211fc       0x80 miscutils/lib.a(less.o)
 .text.buffer_down
                0x000000000002127c       0x4c miscutils/lib.a(less.o)
 .text.buffer_up
                0x00000000000212c8       0x4c miscutils/lib.a(less.o)
 .text.buffer_to_line
                0x0000000000021314       0x48 miscutils/lib.a(less.o)
 .text.goto_match
                0x000000000002135c       0x98 miscutils/lib.a(less.o)
 .text.getch_nowait
                0x00000000000213f4      0x17c miscutils/lib.a(less.o)
 .text.less_getch
                0x0000000000021570       0x44 miscutils/lib.a(less.o)
 .text.less_gets
                0x00000000000215b4       0xe4 miscutils/lib.a(less.o)
 .text.examine_file
                0x0000000000021698       0x88 miscutils/lib.a(less.o)
 .text.regex_process
                0x0000000000021720      0x134 miscutils/lib.a(less.o)
 .text.less_main
                0x0000000000021854      0xa84 miscutils/lib.a(less.o)
                0x0000000000021854                less_main
 .text.makedevs_main
                0x00000000000222d8      0x488 miscutils/lib.a(makedevs.o)
                0x00000000000222d8                makedevs_main
 .text.add_MANPATH
                0x0000000000022760       0xd0 miscutils/lib.a(man.o)
 .text.show_manpage
                0x0000000000022830      0x114 miscutils/lib.a(man.o)
 .text.run_pipe
                0x0000000000022944      0x1c8 miscutils/lib.a(man.o)
 .text.man_main
                0x0000000000022b0c      0x3b4 miscutils/lib.a(man.o)
                0x0000000000022b0c                man_main
 .text.microcom_main
                0x0000000000022ec0      0x380 miscutils/lib.a(microcom.o)
                0x0000000000022ec0                microcom_main
 .text.mountpoint_main
                0x0000000000023240      0x238 miscutils/lib.a(mountpoint.o)
                0x0000000000023240                mountpoint_main
 .text.mt_main  0x0000000000023478      0x158 miscutils/lib.a(mt.o)
                0x0000000000023478                mt_main
 .text.next_good_eraseblock
                0x00000000000235d0      0x104 miscutils/lib.a(nandwrite.o)
 .text.dump_bad
                0x00000000000236d4      0x110 miscutils/lib.a(nandwrite.o)
 .text.nandwrite_main
                0x00000000000237e4      0x530 miscutils/lib.a(nandwrite.o)
                0x00000000000237e4                nandwrite_main
 .text.raidautorun_main
                0x0000000000023d14       0x34 miscutils/lib.a(raidautorun.o)
                0x0000000000023d14                raidautorun_main
 .text.readahead_main
                0x0000000000023d48       0x98 miscutils/lib.a(readahead.o)
                0x0000000000023d48                readahead_main
 .text.runlevel_main
                0x0000000000023de0       0x80 miscutils/lib.a(runlevel.o)
                0x0000000000023de0                runlevel_main
 .text.sigalrm_handler
                0x0000000000023e60        0x4 miscutils/lib.a(rx.o)
 .text.read_byte
                0x0000000000023e64       0x78 miscutils/lib.a(rx.o)
 .text.rx_main  0x0000000000023edc      0x3f8 miscutils/lib.a(rx.o)
                0x0000000000023edc                rx_main
 .text.index_in_strings_case_insensitive
                0x00000000000242d4       0x58 miscutils/lib.a(setserial.o)
 .text.get_numeric
                0x000000000002432c       0x18 miscutils/lib.a(setserial.o)
 .text.setserial_main
                0x0000000000024344      0x670 miscutils/lib.a(setserial.o)
                0x0000000000024344                setserial_main
 .text.setsid_main
                0x00000000000249b4       0x7c miscutils/lib.a(setsid.o)
                0x00000000000249b4                setsid_main
 .text.strings_main
                0x0000000000024a30      0x1bc miscutils/lib.a(strings.o)
                0x0000000000024a30                strings_main
 .text.ptok     0x0000000000024bec       0x28 miscutils/lib.a(time.o)
 .text.run_command
                0x0000000000024c14       0xf4 miscutils/lib.a(time.o)
 .text.time_main
                0x0000000000024d08      0x4b4 miscutils/lib.a(time.o)
                0x0000000000024d08                time_main
 .text.timeout_main
                0x00000000000251bc      0x180 miscutils/lib.a(timeout.o)
                0x00000000000251bc                timeout_main
 .text.ttysize_main
                0x000000000002533c       0xfc miscutils/lib.a(ttysize.o)
                0x000000000002533c                ttysize_main
 .text.get_num_from_file
                0x0000000000025438       0xb8 miscutils/lib.a(ubi_tools.o)
 .text.ubi_tools_main
                0x00000000000254f0      0x528 miscutils/lib.a(ubi_tools.o)
                0x00000000000254f0                ubi_tools_main
 .text.ubirename_main
                0x0000000000025a18      0x118 miscutils/lib.a(ubirename.o)
                0x0000000000025a18                ubirename_main
 .text.volname_main
                0x0000000000025b30       0xb0 miscutils/lib.a(volname.o)
                0x0000000000025b30                volname_main
 .text.wall_main
                0x0000000000025be0       0x94 miscutils/lib.a(wall.o)
                0x0000000000025be0                wall_main
 .text.watchdog_shutdown
                0x0000000000025c74       0x38 miscutils/lib.a(watchdog.o)
 .text.watchdog_main
                0x0000000000025cac      0x154 miscutils/lib.a(watchdog.o)
                0x0000000000025cac                watchdog_main
 .text.display  0x0000000000025e00       0x80 modutils/lib.a(modinfo.o)
 .text.modinfo  0x0000000000025e80      0x214 modutils/lib.a(modinfo.o)
 .text.modinfo_main
                0x0000000000026094      0x1b8 modutils/lib.a(modinfo.o)
                0x0000000000026094                modinfo_main
 .text.replace  0x000000000002624c       0x28 modutils/lib.a(modprobe-small.o)
 .text.load_module
                0x0000000000026274       0xac modutils/lib.a(modprobe-small.o)
 .text.moderror
                0x0000000000026320       0x5c modutils/lib.a(modprobe-small.o)
 .text.load_dep_bb
                0x000000000002637c      0x120 modutils/lib.a(modprobe-small.o)
 .text.find_keyword
                0x000000000002649c       0x84 modutils/lib.a(modprobe-small.o)
 .text.copy_stringbuf
                0x0000000000026520       0x28 modutils/lib.a(modprobe-small.o)
 .text.append   0x0000000000026548       0x74 modutils/lib.a(modprobe-small.o)
 .text.str_2_list
                0x00000000000265bc       0x58 modutils/lib.a(modprobe-small.o)
 .text.filename2modname.isra.0
                0x0000000000026614       0x44 modutils/lib.a(modprobe-small.o)
 .text.rmmod    0x0000000000026658       0x90 modutils/lib.a(modprobe-small.o)
 .text.parse_module
                0x00000000000266e8      0x240 modutils/lib.a(modprobe-small.o)
 .text.fileAction
                0x0000000000026928      0x12c modutils/lib.a(modprobe-small.o)
 .text.find_alias
                0x0000000000026a54      0x324 modutils/lib.a(modprobe-small.o)
 .text.process_module
                0x0000000000026d78      0x348 modutils/lib.a(modprobe-small.o)
 .text.modprobe_main
                0x00000000000270c0      0x284 modutils/lib.a(modprobe-small.o)
                0x00000000000270c0                modprobe_main
 .text.filename2modname
                0x0000000000027344       0xb4 modutils/lib.a(modutils.o)
                0x0000000000027344                filename2modname
 .text.arp_show
                0x00000000000273f8      0x334 networking/lib.a(arp.o)
 .text.arp_main
                0x000000000002772c      0x5dc networking/lib.a(arp.o)
                0x000000000002772c                arp_main
 .text.finish   0x0000000000027d08       0x84 networking/lib.a(arping.o)
 .text.catcher  0x0000000000027d8c      0x1a0 networking/lib.a(arping.o)
 .text.arping_main
                0x0000000000027f2c      0x734 networking/lib.a(arping.o)
                0x0000000000027f2c                arping_main
 .text.brctl_main
                0x0000000000028660      0x538 networking/lib.a(brctl.o)
                0x0000000000028660                brctl_main
 .text.undot    0x0000000000028b98       0x4c networking/lib.a(dnsd.o)
 .text.dnsd_main
                0x0000000000028be4      0x604 networking/lib.a(dnsd.o)
                0x0000000000028be4                dnsd_main
 .text.ether_wake_main
                0x00000000000291e8      0x334 networking/lib.a(ether-wake.o)
                0x00000000000291e8                ether_wake_main
 .text.verbose_log
                0x000000000002951c       0x2c networking/lib.a(ftpd.o)
 .text.cmdio_get_cmd_and_arg
                0x0000000000029548      0x1a0 networking/lib.a(ftpd.o)
 .text.cmdio_write_ok
                0x00000000000296e8       0x40 networking/lib.a(ftpd.o)
 .text.cmdio_write_error
                0x0000000000029728       0x3c networking/lib.a(ftpd.o)
 .text.escape_text
                0x0000000000029764       0xbc networking/lib.a(ftpd.o)
 .text.cmdio_write
                0x0000000000029820       0x84 networking/lib.a(ftpd.o)
 .text.handle_cwd
                0x00000000000298a4       0x48 networking/lib.a(ftpd.o)
 .text.port_pasv_cleanup
                0x00000000000298ec       0x38 networking/lib.a(ftpd.o)
 .text.get_remote_transfer_fd
                0x0000000000029924       0x88 networking/lib.a(ftpd.o)
 .text.bind_for_passive_mode
                0x00000000000299ac       0x90 networking/lib.a(ftpd.o)
 .text.cmdio_write_raw
                0x0000000000029a3c       0x3c networking/lib.a(ftpd.o)
 .text.timeout_handler
                0x0000000000029a78       0x7c networking/lib.a(ftpd.o)
 .text.port_or_pasv_was_seen
                0x0000000000029af4       0x40 networking/lib.a(ftpd.o)
 .text.handle_upload_common
                0x0000000000029b34      0x198 networking/lib.a(ftpd.o)
 .text.handle_dir_common
                0x0000000000029ccc      0x220 networking/lib.a(ftpd.o)
 .text.ftpd_main
                0x0000000000029eec      0x9e4 networking/lib.a(ftpd.o)
                0x0000000000029eec                ftpd_main
 .text.ftp_die  0x000000000002a8d0       0x60 networking/lib.a(ftpgetput.o)
 .text.ftpcmd   0x000000000002a930       0xd8 networking/lib.a(ftpgetput.o)
 .text.xconnect_ftpdata
                0x000000000002aa08       0xac networking/lib.a(ftpgetput.o)
 .text.pump_data_and_QUIT
                0x000000000002aab4       0x70 networking/lib.a(ftpgetput.o)
 .text.ftp_receive
                0x000000000002ab24      0x178 networking/lib.a(ftpgetput.o)
 .text.ftp_send
                0x000000000002ac9c       0x88 networking/lib.a(ftpgetput.o)
 .text.ftpgetput_main
                0x000000000002ad24      0x204 networking/lib.a(ftpgetput.o)
                0x000000000002ad24                ftpgetput_main
 .text.do_sethostname
                0x000000000002af28       0x94 networking/lib.a(hostname.o)
 .text.hostname_main
                0x000000000002afbc      0x1a4 networking/lib.a(hostname.o)
                0x000000000002afbc                hostname_main
 .text.scan_ip  0x000000000002b160       0xd0 networking/lib.a(httpd.o)
 .text.checkPermIP
                0x000000000002b230       0x4c networking/lib.a(httpd.o)
 .text.free_llist
                0x000000000002b27c       0x34 networking/lib.a(httpd.o)
 .text.parse_conf
                0x000000000002b2b0      0x5c8 networking/lib.a(httpd.o)
 .text.sighup_handler
                0x000000000002b878       0x10 networking/lib.a(httpd.o)
 .text.get_line
                0x000000000002b888       0xbc networking/lib.a(httpd.o)
 .text.check_user_passwd
                0x000000000002b944      0x254 networking/lib.a(httpd.o)
 .text.log_and_exit
                0x000000000002bb98       0x3c networking/lib.a(httpd.o)
 .text.cgi_io_loop_and_exit
                0x000000000002bbd4      0x2a0 networking/lib.a(httpd.o)
 .text.setenv1  0x000000000002be74       0x14 networking/lib.a(httpd.o)
 .text.send_file_and_exit
                0x000000000002be88      0x2f8 networking/lib.a(httpd.o)
 .text.send_headers
                0x000000000002c180      0x3ac networking/lib.a(httpd.o)
 .text.send_headers_and_exit
                0x000000000002c52c       0x18 networking/lib.a(httpd.o)
 .text.send_REQUEST_TIMEOUT_and_exit
                0x000000000002c544        0xc networking/lib.a(httpd.o)
 .text.send_cgi_and_exit
                0x000000000002c550      0x3f4 networking/lib.a(httpd.o)
 .text.handle_incoming_and_exit
                0x000000000002c944      0xa8c networking/lib.a(httpd.o)
 .text.httpd_main
                0x000000000002d3d0      0x39c networking/lib.a(httpd.o)
                0x000000000002d3d0                httpd_main
 .text.ifconfig_main
                0x000000000002d76c      0x518 networking/lib.a(ifconfig.o)
                0x000000000002d76c                ifconfig_main
 .text.set_ifrname_and_do_ioctl
                0x000000000002dc84       0x34 networking/lib.a(ifenslave.o)
 .text.set_if_down
                0x000000000002dcb8       0x88 networking/lib.a(ifenslave.o)
 .text.get_if_settings
                0x000000000002dd40       0x54 networking/lib.a(ifenslave.o)
 .text.set_hwaddr
                0x000000000002dd94       0x60 networking/lib.a(ifenslave.o)
 .text.get_drv_info
                0x000000000002ddf4      0x11c networking/lib.a(ifenslave.o)
 .text.enslave  0x000000000002df10      0x304 networking/lib.a(ifenslave.o)
 .text.ifenslave_main
                0x000000000002e214      0x344 networking/lib.a(ifenslave.o)
                0x000000000002e214                ifenslave_main
 .text.read_pid
                0x000000000002e558       0x80 networking/lib.a(ifplugd.o)
 .text.set_ifreq_to_ifname
                0x000000000002e5d8       0x1c networking/lib.a(ifplugd.o)
 .text.network_ioctl
                0x000000000002e5f4       0x4c networking/lib.a(ifplugd.o)
 .text.detect_link_iff
                0x000000000002e640       0x98 networking/lib.a(ifplugd.o)
 .text.detect_link_priv
                0x000000000002e6d8       0xa0 networking/lib.a(ifplugd.o)
 .text.detect_link_mii
                0x000000000002e778       0xa0 networking/lib.a(ifplugd.o)
 .text.detect_link_ethtool
                0x000000000002e818       0x94 networking/lib.a(ifplugd.o)
 .text.check_existence_through_netlink
                0x000000000002e8ac      0x198 networking/lib.a(ifplugd.o)
 .text.up_iface
                0x000000000002ea44       0xc0 networking/lib.a(ifplugd.o)
 .text.maybe_up_new_iface
                0x000000000002eb04       0x64 networking/lib.a(ifplugd.o)
 .text.detect_link
                0x000000000002eb68      0x130 networking/lib.a(ifplugd.o)
 .text.detect_link_wlan
                0x000000000002ec98       0xe4 networking/lib.a(ifplugd.o)
 .text.run_script
                0x000000000002ed7c      0x17c networking/lib.a(ifplugd.o)
 .text.ifplugd_main
                0x000000000002eef8      0x53c networking/lib.a(ifplugd.o)
                0x000000000002eef8                ifplugd_main
 .text.manual_up_down6
                0x000000000002f434        0x8 networking/lib.a(ifupdown.o)
 .text.check    0x000000000002f43c        0xc networking/lib.a(ifupdown.o)
 .text.doit     0x000000000002f448       0xdc networking/lib.a(ifupdown.o)
 .text.execute_all
                0x000000000002f524       0x84 networking/lib.a(ifupdown.o)
 .text.setlocalenv
                0x000000000002f5a8       0x94 networking/lib.a(ifupdown.o)
 .text.set_environ
                0x000000000002f63c      0x17c networking/lib.a(ifupdown.o)
 .text.iface_up
                0x000000000002f7b8       0xb8 networking/lib.a(ifupdown.o)
 .text.iface_down
                0x000000000002f870       0xb8 networking/lib.a(ifupdown.o)
 .text.next_word
                0x000000000002f928       0x68 networking/lib.a(ifupdown.o)
 .text.find_iface_state
                0x000000000002f990       0x48 networking/lib.a(ifupdown.o)
 .text.strncmpz
                0x000000000002f9d8       0x2c networking/lib.a(ifupdown.o)
 .text.get_var  0x000000000002fa04       0xa4 networking/lib.a(ifupdown.o)
 .text.addstr   0x000000000002faa8       0x6c networking/lib.a(ifupdown.o)
 .text.execute  0x000000000002fb14      0x2d4 networking/lib.a(ifupdown.o)
 .text.loopback_down6
                0x000000000002fde8       0x14 networking/lib.a(ifupdown.o)
 .text.static_down6
                0x000000000002fdfc        0x4 networking/lib.a(ifupdown.o)
 .text.loopback_up6
                0x000000000002fe00       0x58 networking/lib.a(ifupdown.o)
 .text.static_up6
                0x000000000002fe58       0x6c networking/lib.a(ifupdown.o)
 .text.v4tunnel_down
                0x000000000002fec4       0x14 networking/lib.a(ifupdown.o)
 .text.v4tunnel_up
                0x000000000002fed8       0x88 networking/lib.a(ifupdown.o)
 .text.loopback_down
                0x000000000002ff60       0x58 networking/lib.a(ifupdown.o)
 .text.static_down
                0x000000000002ffb8        0x4 networking/lib.a(ifupdown.o)
 .text.loopback_up
                0x000000000002ffbc       0x58 networking/lib.a(ifupdown.o)
 .text.dhcp_up  0x0000000000030014       0x50 networking/lib.a(ifupdown.o)
 .text.bootp_up
                0x0000000000030064       0x14 networking/lib.a(ifupdown.o)
 .text.static_up
                0x0000000000030078       0x6c networking/lib.a(ifupdown.o)
 .text.ppp_down
                0x00000000000300e4       0x14 networking/lib.a(ifupdown.o)
 .text.ppp_up   0x00000000000300f8       0x14 networking/lib.a(ifupdown.o)
 .text.wvdial_down
                0x000000000003010c       0x14 networking/lib.a(ifupdown.o)
 .text.wvdial_up
                0x0000000000030120       0x14 networking/lib.a(ifupdown.o)
 .text.dhcp_down
                0x0000000000030134       0x58 networking/lib.a(ifupdown.o)
 .text.popen2   0x000000000003018c       0xf0 networking/lib.a(ifupdown.o)
 .text.read_iface_state
                0x000000000003027c       0xb4 networking/lib.a(ifupdown.o)
 .text.read_interfaces
                0x0000000000030330      0x570 networking/lib.a(ifupdown.o)
 .text.manual_up_down
                0x00000000000308a0        0x8 networking/lib.a(ifupdown.o)
 .text.link_up_down
                0x00000000000308a8        0x8 networking/lib.a(ifupdown.o)
 .text.ifupdown_main
                0x00000000000308b0      0x4ec networking/lib.a(ifupdown.o)
                0x00000000000308b0                ifupdown_main
 .text.init_ring
                0x0000000000030d9c       0x34 networking/lib.a(inetd.o)
 .text.remove_fd_from_set
                0x0000000000030dd0       0x48 networking/lib.a(inetd.o)
 .text.maybe_close
                0x0000000000030e18        0xc networking/lib.a(inetd.o)
 .text.free_servtab_strings
                0x0000000000030e24       0x68 networking/lib.a(inetd.o)
 .text.bump_nofile
                0x0000000000030e8c       0xd4 networking/lib.a(inetd.o)
 .text.add_fd_to_set
                0x0000000000030f60       0x7c networking/lib.a(inetd.o)
 .text.clean_up_and_exit
                0x0000000000030fdc       0x5c networking/lib.a(inetd.o)
 .text.reap_child
                0x0000000000031038      0x108 networking/lib.a(inetd.o)
 .text.daytime_stream
                0x0000000000031140       0x80 networking/lib.a(inetd.o)
 .text.discard_stream
                0x00000000000311c0       0x3c networking/lib.a(inetd.o)
 .text.echo_stream
                0x00000000000311fc       0x50 networking/lib.a(inetd.o)
 .text.xzalloc_lsa
                0x000000000003124c       0x48 networking/lib.a(inetd.o)
 .text.block_CHLD_HUP_ALRM
                0x0000000000031294       0x44 networking/lib.a(inetd.o)
 .text.restore_sigmask
                0x00000000000312d8       0x10 networking/lib.a(inetd.o)
 .text.rearm_alarm
                0x00000000000312e8       0x24 networking/lib.a(inetd.o)
 .text.prepare_socket_fd
                0x000000000003130c       0xc4 networking/lib.a(inetd.o)
 .text.retry_network_setup
                0x00000000000313d0       0x54 networking/lib.a(inetd.o)
 .text.daytime_dg
                0x0000000000031424      0x130 networking/lib.a(inetd.o)
 .text.machtime_dg
                0x0000000000031554      0x120 networking/lib.a(inetd.o)
 .text.echo_dg  0x0000000000031674      0x10c networking/lib.a(inetd.o)
 .text.discard_dg
                0x0000000000031780       0x18 networking/lib.a(inetd.o)
 .text.chargen_dg
                0x0000000000031798      0x1a8 networking/lib.a(inetd.o)
 .text.chargen_stream
                0x0000000000031940       0xe4 networking/lib.a(inetd.o)
 .text.machtime_stream
                0x0000000000031a24       0x88 networking/lib.a(inetd.o)
 .text.parse_one_line
                0x0000000000031aac      0x4c0 networking/lib.a(inetd.o)
 .text.reread_config_file
                0x0000000000031f6c      0x400 networking/lib.a(inetd.o)
 .text.inetd_main
                0x000000000003236c      0x8a4 networking/lib.a(inetd.o)
                0x000000000003236c                inetd_main
 .text.UNSPEC_print
                0x0000000000032c10       0x6c networking/lib.a(interface.o)
 .text.UNSPEC_sprint
                0x0000000000032c7c       0x28 networking/lib.a(interface.o)
 .text.INET6_input
                0x0000000000032ca4        0x4 networking/lib.a(interface.o)
 .text.INET6_sprint
                0x0000000000032ca8       0x30 networking/lib.a(interface.o)
 .text.INET_input
                0x0000000000032cd8        0x8 networking/lib.a(interface.o)
 .text.INET_sprint
                0x0000000000032ce0       0x34 networking/lib.a(interface.o)
 .text.ether_print
                0x0000000000032d14       0x30 networking/lib.a(interface.o)
 .text.in_ib    0x0000000000032d44       0x2c networking/lib.a(interface.o)
                0x0000000000032d44                in_ib
 .text.add_interface
                0x0000000000032d70       0x9c networking/lib.a(interface.o)
 .text.if_readconf
                0x0000000000032e0c      0x11c networking/lib.a(interface.o)
 .text.if_readlist_proc
                0x0000000000032f28      0x2c4 networking/lib.a(interface.o)
 .text.do_if_fetch
                0x00000000000331ec      0x2b8 networking/lib.a(interface.o)
 .text.print_bytes_scaled
                0x00000000000334a4       0x54 networking/lib.a(interface.o)
 .text.get_aftype
                0x00000000000334f8       0x44 networking/lib.a(interface.o)
                0x00000000000334f8                get_aftype
 .text.get_hwtype
                0x000000000003353c       0x44 networking/lib.a(interface.o)
                0x000000000003353c                get_hwtype
 .text.get_hwntype
                0x0000000000033580       0x2c networking/lib.a(interface.o)
                0x0000000000033580                get_hwntype
 .text.ife_print
                0x00000000000335ac      0x658 networking/lib.a(interface.o)
 .text.display_interfaces
                0x0000000000033c04       0xc0 networking/lib.a(interface.o)
                0x0000000000033c04                display_interfaces
 .text.ip_do    0x0000000000033cc4       0x1c networking/lib.a(ip.o)
 .text.ip_print_help
                0x0000000000033ce0        0x8 networking/lib.a(ip.o)
 .text.ipaddr_main
                0x0000000000033ce8        0xc networking/lib.a(ip.o)
                0x0000000000033ce8                ipaddr_main
 .text.iplink_main
                0x0000000000033cf4        0xc networking/lib.a(ip.o)
                0x0000000000033cf4                iplink_main
 .text.iproute_main
                0x0000000000033d00        0xc networking/lib.a(ip.o)
                0x0000000000033d00                iproute_main
 .text.iprule_main
                0x0000000000033d0c        0xc networking/lib.a(ip.o)
                0x0000000000033d0c                iprule_main
 .text.iptunnel_main
                0x0000000000033d18        0xc networking/lib.a(ip.o)
                0x0000000000033d18                iptunnel_main
 .text.ip_main  0x0000000000033d24       0x50 networking/lib.a(ip.o)
                0x0000000000033d24                ip_main
 .text.ipcalc_main
                0x0000000000033d74      0x2e0 networking/lib.a(ipcalc.o)
                0x0000000000033d74                ipcalc_main
 .text.do_timeout
                0x0000000000034054        0x8 networking/lib.a(isrv_identd.o)
 .text.do_rd    0x000000000003405c       0xc8 networking/lib.a(isrv_identd.o)
 .text.new_peer
                0x0000000000034124       0x68 networking/lib.a(isrv_identd.o)
 .text.fakeidentd_main
                0x000000000003418c      0x190 networking/lib.a(isrv_identd.o)
                0x000000000003418c                fakeidentd_main
 .text.prepend_new_eth_table
                0x000000000003431c      0x198 networking/lib.a(nameif.o)
 .text.nameif_main
                0x00000000000344b4      0x328 networking/lib.a(nameif.o)
                0x00000000000344b4                nameif_main
 .text.nbdclient_main
                0x00000000000347dc      0x23c networking/lib.a(nbd-client.o)
                0x00000000000347dc                nbdclient_main
 .text.timeout  0x0000000000034a18       0x10 networking/lib.a(nc.o)
 .text.nc_main  0x0000000000034a28      0x490 networking/lib.a(nc.o)
                0x0000000000034a28                nc_main
 .text.prg_cache_get
                0x0000000000034eb8       0x48 networking/lib.a(netstat.o)
 .text.build_ipv6_addr
                0x0000000000034f00       0xac networking/lib.a(netstat.o)
 .text.ip_port_str
                0x0000000000034fac       0x98 networking/lib.a(netstat.o)
 .text.add_to_prg_cache_if_socket
                0x0000000000035044      0x158 networking/lib.a(netstat.o)
 .text.print_inet_line
                0x000000000003519c      0x104 networking/lib.a(netstat.o)
 .text.do_info  0x00000000000352a0       0xb4 networking/lib.a(netstat.o)
 .text.dir_act  0x0000000000035354      0x140 networking/lib.a(netstat.o)
 .text.unix_do_one
                0x0000000000035494      0x310 networking/lib.a(netstat.o)
 .text.scan_inet_proc_line
                0x00000000000357a4      0x118 networking/lib.a(netstat.o)
 .text.raw_do_one
                0x00000000000358bc       0xdc networking/lib.a(netstat.o)
 .text.udp_do_one
                0x0000000000035998      0x104 networking/lib.a(netstat.o)
 .text.tcp_do_one
                0x0000000000035a9c       0xa8 networking/lib.a(netstat.o)
 .text.netstat_main
                0x0000000000035b44      0x2cc networking/lib.a(netstat.o)
                0x0000000000035b44                netstat_main
 .text.set_default_dns
                0x0000000000035e10       0x68 networking/lib.a(nslookup.o)
 .text.print_host
                0x0000000000035e78      0x13c networking/lib.a(nslookup.o)
 .text.nslookup_main
                0x0000000000035fb4       0x7c networking/lib.a(nslookup.o)
                0x0000000000035fb4                nslookup_main
 .text.my_SQRT  0x0000000000036030       0x3c networking/lib.a(ntpd.o)
 .text.filter_datapoints
                0x000000000003606c       0xd0 networking/lib.a(ntpd.o)
 .text.clamp_pollexp_and_set_MAXSTRAT
                0x000000000003613c       0x3c networking/lib.a(ntpd.o)
 .text.compare_point_edge
                0x0000000000036178       0x18 networking/lib.a(ntpd.o)
 .text.compare_survivor_metric
                0x0000000000036190       0x18 networking/lib.a(ntpd.o)
 .text.adjust_poll
                0x00000000000361a8       0xa0 networking/lib.a(ntpd.o)
 .text.poll_interval
                0x0000000000036248       0x3c networking/lib.a(ntpd.o)
 .text.resolve_peer_hostname
                0x0000000000036284       0x6c networking/lib.a(ntpd.o)
 .text.add_peers
                0x00000000000362f0      0x104 networking/lib.a(ntpd.o)
 .text.d_to_lfp
                0x00000000000363f4       0x30 networking/lib.a(ntpd.o)
 .text.gettime1900d
                0x0000000000036424       0x80 networking/lib.a(ntpd.o)
 .text.ntp_init
                0x00000000000364a4      0x27c networking/lib.a(ntpd.o)
 .text.run_script
                0x0000000000036720      0x1c8 networking/lib.a(ntpd.o)
 .text.step_time
                0x00000000000368e8      0x234 networking/lib.a(ntpd.o)
 .text.update_local_clock
                0x0000000000036b1c      0x31c networking/lib.a(ntpd.o)
 .text.recv_and_process_client_pkt
                0x0000000000036e38      0x264 networking/lib.a(ntpd.o)
 .text.recv_and_process_peer_pkt
                0x000000000003709c      0x8e0 networking/lib.a(ntpd.o)
 .text.ntpd_main
                0x000000000003797c      0x48c networking/lib.a(ntpd.o)
                0x000000000003797c                ntpd_main
 .text.unpack_tail
                0x0000000000037e08      0x140 networking/lib.a(ping.o)
 .text.print_stats_and_exit
                0x0000000000037f48       0xe8 networking/lib.a(ping.o)
 .text.sendping_tail.constprop.0
                0x0000000000038030      0x118 networking/lib.a(ping.o)
 .text.sendping4
                0x0000000000038148       0x78 networking/lib.a(ping.o)
 .text.sendping6
                0x00000000000381c0       0x60 networking/lib.a(ping.o)
 .text.common_ping_main.isra.0
                0x0000000000038220      0x790 networking/lib.a(ping.o)
 .text.ping_main
                0x00000000000389b0        0xc networking/lib.a(ping.o)
                0x00000000000389b0                ping_main
 .text.ping6_main
                0x00000000000389bc        0xc networking/lib.a(ping.o)
                0x00000000000389bc                ping6_main
 .text.pscan_main
                0x00000000000389c8      0x33c networking/lib.a(pscan.o)
                0x00000000000389c8                pscan_main
 .text.set_flags
                0x0000000000038d04       0x3c networking/lib.a(route.o)
 .text.kw_lookup
                0x0000000000038d40       0x84 networking/lib.a(route.o)
 .text.INET6_displayroutes
                0x0000000000038dc4      0x250 networking/lib.a(route.o)
 .text.INET6_setroute
                0x0000000000039014      0x28c networking/lib.a(route.o)
 .text.INET_setroute
                0x00000000000392a0      0x3d4 networking/lib.a(route.o)
 .text.bb_displayroutes
                0x0000000000039674      0x24c networking/lib.a(route.o)
                0x0000000000039674                bb_displayroutes
 .text.route_main
                0x00000000000398c0      0x17c networking/lib.a(route.o)
                0x00000000000398c0                route_main
 .text.set_termios_state_or_warn
                0x0000000000039a3c       0x40 networking/lib.a(slattach.o)
 .text.restore_state_and_exit
                0x0000000000039a7c       0xb4 networking/lib.a(slattach.o)
 .text.sig_handler
                0x0000000000039b30        0xc networking/lib.a(slattach.o)
 .text.slattach_main
                0x0000000000039b3c      0x300 networking/lib.a(slattach.o)
                0x0000000000039b3c                slattach_main
 .text.connection_status
                0x0000000000039e3c       0x28 networking/lib.a(tcpudp.o)
 .text.sig_term_handler
                0x0000000000039e64       0x30 networking/lib.a(tcpudp.o)
 .text.sig_child_handler
                0x0000000000039e94      0x110 networking/lib.a(tcpudp.o)
 .text.xsetenv_proto
                0x0000000000039fa4       0x3c networking/lib.a(tcpudp.o)
 .text.xsetenv_plain
                0x0000000000039fe0       0x38 networking/lib.a(tcpudp.o)
 .text.xsetenv_plain.stub
                0x000000000003a018       0x10 linker stubs
 .text.tcpudpsvd_main
                0x000000000003b018      0x810 networking/lib.a(tcpudp.o)
                0x000000000003b018                tcpudpsvd_main
 .text.ipsvd_perhost_init
                0x000000000003b828       0x28 networking/lib.a(tcpudp_perhost.o)
                0x000000000003b828                ipsvd_perhost_init
 .text.ipsvd_perhost_add
                0x000000000003b850       0xb4 networking/lib.a(tcpudp_perhost.o)
                0x000000000003b850                ipsvd_perhost_add
 .text.ipsvd_perhost_remove
                0x000000000003b904       0x50 networking/lib.a(tcpudp_perhost.o)
                0x000000000003b904                ipsvd_perhost_remove
 .text.put_iac  0x000000000003b954       0x20 networking/lib.a(telnet.o)
 .text.iac_flush
                0x000000000003b974       0x28 networking/lib.a(telnet.o)
 .text.put_iac2
                0x000000000003b99c       0x48 networking/lib.a(telnet.o)
 .text.rawmode  0x000000000003b9e4       0x24 networking/lib.a(telnet.o)
 .text.cookmode
                0x000000000003ba08       0x24 networking/lib.a(telnet.o)
 .text.setConMode